Archive member included to satisfy reference by file (symbol)

/opt/st/stm32cubeide_1.15.1/plugins/com.st.stm32cube.ide.mcu.externaltools.gnu-tools-for-stm32.12.3.rel1.linux64_1.0.100.202403111256/tools/bin/../lib/gcc/arm-none-eabi/12.3.1/../../../../arm-none-eabi/lib/thumb/v7e-m+fp/hard/libc_nano.a(libc_a-exit.o)
                              /opt/st/stm32cubeide_1.15.1/plugins/com.st.stm32cube.ide.mcu.externaltools.gnu-tools-for-stm32.12.3.rel1.linux64_1.0.100.202403111256/tools/bin/../lib/gcc/arm-none-eabi/12.3.1/../../../../arm-none-eabi/lib/thumb/v7e-m+fp/hard/crt0.o (exit)
/opt/st/stm32cubeide_1.15.1/plugins/com.st.stm32cube.ide.mcu.externaltools.gnu-tools-for-stm32.12.3.rel1.linux64_1.0.100.202403111256/tools/bin/../lib/gcc/arm-none-eabi/12.3.1/../../../../arm-none-eabi/lib/thumb/v7e-m+fp/hard/libc_nano.a(libc_a-nano-vfprintf_float.o)
                              (_printf_float)
/opt/st/stm32cubeide_1.15.1/plugins/com.st.stm32cube.ide.mcu.externaltools.gnu-tools-for-stm32.12.3.rel1.linux64_1.0.100.202403111256/tools/bin/../lib/gcc/arm-none-eabi/12.3.1/../../../../arm-none-eabi/lib/thumb/v7e-m+fp/hard/libc_nano.a(libc_a-nano-vfprintf_i.o)
                              /opt/st/stm32cubeide_1.15.1/plugins/com.st.stm32cube.ide.mcu.externaltools.gnu-tools-for-stm32.12.3.rel1.linux64_1.0.100.202403111256/tools/bin/../lib/gcc/arm-none-eabi/12.3.1/../../../../arm-none-eabi/lib/thumb/v7e-m+fp/hard/libc_nano.a(libc_a-nano-vfprintf_float.o) (_printf_common)
/opt/st/stm32cubeide_1.15.1/plugins/com.st.stm32cube.ide.mcu.externaltools.gnu-tools-for-stm32.12.3.rel1.linux64_1.0.100.202403111256/tools/bin/../lib/gcc/arm-none-eabi/12.3.1/../../../../arm-none-eabi/lib/thumb/v7e-m+fp/hard/libc_nano.a(libc_a-nano-vfscanf_float.o)
                              (_scanf_float)
/opt/st/stm32cubeide_1.15.1/plugins/com.st.stm32cube.ide.mcu.externaltools.gnu-tools-for-stm32.12.3.rel1.linux64_1.0.100.202403111256/tools/bin/../lib/gcc/arm-none-eabi/12.3.1/../../../../arm-none-eabi/lib/thumb/v7e-m+fp/hard/libc_nano.a(libc_a-findfp.o)
                              /opt/st/stm32cubeide_1.15.1/plugins/com.st.stm32cube.ide.mcu.externaltools.gnu-tools-for-stm32.12.3.rel1.linux64_1.0.100.202403111256/tools/bin/../lib/gcc/arm-none-eabi/12.3.1/../../../../arm-none-eabi/lib/thumb/v7e-m+fp/hard/libc_nano.a(libc_a-exit.o) (__stdio_exit_handler)
/opt/st/stm32cubeide_1.15.1/plugins/com.st.stm32cube.ide.mcu.externaltools.gnu-tools-for-stm32.12.3.rel1.linux64_1.0.100.202403111256/tools/bin/../lib/gcc/arm-none-eabi/12.3.1/../../../../arm-none-eabi/lib/thumb/v7e-m+fp/hard/libc_nano.a(libc_a-fwalk.o)
                              /opt/st/stm32cubeide_1.15.1/plugins/com.st.stm32cube.ide.mcu.externaltools.gnu-tools-for-stm32.12.3.rel1.linux64_1.0.100.202403111256/tools/bin/../lib/gcc/arm-none-eabi/12.3.1/../../../../arm-none-eabi/lib/thumb/v7e-m+fp/hard/libc_nano.a(libc_a-findfp.o) (_fwalk_sglue)
/opt/st/stm32cubeide_1.15.1/plugins/com.st.stm32cube.ide.mcu.externaltools.gnu-tools-for-stm32.12.3.rel1.linux64_1.0.100.202403111256/tools/bin/../lib/gcc/arm-none-eabi/12.3.1/../../../../arm-none-eabi/lib/thumb/v7e-m+fp/hard/libc_nano.a(libc_a-printf.o)
                              ./Core/Src/main.o (printf)
/opt/st/stm32cubeide_1.15.1/plugins/com.st.stm32cube.ide.mcu.externaltools.gnu-tools-for-stm32.12.3.rel1.linux64_1.0.100.202403111256/tools/bin/../lib/gcc/arm-none-eabi/12.3.1/../../../../arm-none-eabi/lib/thumb/v7e-m+fp/hard/libc_nano.a(libc_a-puts.o)
                              ./Core/Src/main.o (puts)
/opt/st/stm32cubeide_1.15.1/plugins/com.st.stm32cube.ide.mcu.externaltools.gnu-tools-for-stm32.12.3.rel1.linux64_1.0.100.202403111256/tools/bin/../lib/gcc/arm-none-eabi/12.3.1/../../../../arm-none-eabi/lib/thumb/v7e-m+fp/hard/libc_nano.a(libc_a-scanf.o)
                              ./Core/Src/main.o (scanf)
/opt/st/stm32cubeide_1.15.1/plugins/com.st.stm32cube.ide.mcu.externaltools.gnu-tools-for-stm32.12.3.rel1.linux64_1.0.100.202403111256/tools/bin/../lib/gcc/arm-none-eabi/12.3.1/../../../../arm-none-eabi/lib/thumb/v7e-m+fp/hard/libc_nano.a(libc_a-setvbuf.o)
                              ./Core/Src/retarget.o (setvbuf)
/opt/st/stm32cubeide_1.15.1/plugins/com.st.stm32cube.ide.mcu.externaltools.gnu-tools-for-stm32.12.3.rel1.linux64_1.0.100.202403111256/tools/bin/../lib/gcc/arm-none-eabi/12.3.1/../../../../arm-none-eabi/lib/thumb/v7e-m+fp/hard/libc_nano.a(libc_a-sprintf.o)
                              /opt/st/stm32cubeide_1.15.1/plugins/com.st.stm32cube.ide.mcu.externaltools.gnu-tools-for-stm32.12.3.rel1.linux64_1.0.100.202403111256/tools/bin/../lib/gcc/arm-none-eabi/12.3.1/../../../../arm-none-eabi/lib/thumb/v7e-m+fp/hard/libc_nano.a(libc_a-nano-vfscanf_float.o) (sprintf)
/opt/st/stm32cubeide_1.15.1/plugins/com.st.stm32cube.ide.mcu.externaltools.gnu-tools-for-stm32.12.3.rel1.linux64_1.0.100.202403111256/tools/bin/../lib/gcc/arm-none-eabi/12.3.1/../../../../arm-none-eabi/lib/thumb/v7e-m+fp/hard/libc_nano.a(libc_a-stdio.o)
[...]
Memory Configuration

Name             Origin             Length             Attributes
CCMRAM           0x10000000         0x00010000         xrw
RAM              0x20000000         0x00030000         xrw
FLASH            0x08000000         0x00200000         xr
*default*        0x00000000         0xffffffff

Linker script and memory map

LOAD /opt/st/stm32cubeide_1.15.1/plugins/com.st.stm32cube.ide.mcu.externaltools.gnu-tools-for-stm32.12.3.rel1.linux64_1.0.100.202403111256/tools/bin/../lib/gcc/arm-none-eabi/12.3.1/thumb/v7e-m+fp/hard/crti.o
LOAD /opt/st/stm32cubeide_1.15.1/plugins/com.st.stm32cube.ide.mcu.externaltools.gnu-tools-for-stm32.12.3.rel1.linux64_1.0.100.202403111256/tools/bin/../lib/gcc/arm-none-eabi/12.3.1/thumb/v7e-m+fp/hard/crtbegin.o
LOAD /opt/st/stm32cubeide_1.15.1/plugins/com.st.stm32cube.ide.mcu.externaltools.gnu-tools-for-stm32.12.3.rel1.linux64_1.0.100.202403111256/tools/bin/../lib/gcc/arm-none-eabi/12.3.1/../../../../arm-none-eabi/lib/thumb/v7e-m+fp/hard/crt0.o
LOAD ./Core/Src/main.o
LOAD ./Core/Src/retarget.o
LOAD ./Core/Src/stm32f4xx_hal_msp.o
LOAD ./Core/Src/stm32f4xx_hal_timebase_tim.o
LOAD ./Core/Src/stm32f4xx_it.o
LOAD ./Core/Src/sysmem.o
LOAD ./Core/Src/system_stm32f4xx.o
LOAD ./Core/Startup/startup_stm32f429zitx.o
LOAD ./Drivers/STM32F4xx_HAL_Driver/Src/stm32f4xx_hal.o
LOAD ./Drivers/STM32F4xx_HAL_Driver/Src/stm32f4xx_hal_adc.o
LOAD ./Drivers/STM32F4xx_HAL_Driver/Src/stm32f4xx_hal_adc_ex.o
LOAD ./Drivers/STM32F4xx_HAL_Driver/Src/stm32f4xx_hal_cortex.o
LOAD ./Drivers/STM32F4xx_HAL_Driver/Src/stm32f4xx_hal_dma.o
LOAD ./Drivers/STM32F4xx_HAL_Driver/Src/stm32f4xx_hal_dma_ex.o
LOAD ./Drivers/STM32F4xx_HAL_Driver/Src/stm32f4xx_hal_exti.o
LOAD ./Drivers/STM32F4xx_HAL_Driver/Src/stm32f4xx_hal_flash.o
LOAD ./Drivers/STM32F4xx_HAL_Driver/Src/stm32f4xx_hal_flash_ex.o
LOAD ./Drivers/STM32F4xx_HAL_Driver/Src/stm32f4xx_hal_flash_ramfunc.o
LOAD ./Drivers/STM32F4xx_HAL_Driver/Src/stm32f4xx_hal_gpio.o
LOAD ./Drivers/STM32F4xx_HAL_Driver/Src/stm32f4xx_hal_hcd.o
LOAD ./Drivers/STM32F4xx_HAL_Driver/Src/stm32f4xx_hal_pwr.o
LOAD ./Drivers/STM32F4xx_HAL_Driver/Src/stm32f4xx_hal_pwr_ex.o
LOAD ./Drivers/STM32F4xx_HAL_Driver/Src/stm32f4xx_hal_rcc.o
LOAD ./Drivers/STM32F4xx_HAL_Driver/Src/stm32f4xx_hal_rcc_ex.o
LOAD ./Drivers/STM32F4xx_HAL_Driver/Src/stm32f4xx_hal_tim.o
LOAD ./Drivers/STM32F4xx_HAL_Driver/Src/stm32f4xx_hal_tim_ex.o
LOAD ./Drivers/STM32F4xx_HAL_Driver/Src/stm32f4xx_hal_uart.o
LOAD ./Drivers/STM32F4xx_HAL_Driver/Src/stm32f4xx_ll_adc.o
LOAD ./Drivers/STM32F4xx_HAL_Driver/Src/stm32f4xx_ll_usb.o
START GROUP
LOAD /opt/st/stm32cubeide_1.15.1/plugins/com.st.stm32cube.ide.mcu.externaltools.gnu-tools-for-stm32.12.3.rel1.linux64_1.0.100.202403111256/tools/bin/../lib/gcc/arm-none-eabi/12.3.1/../../../../arm-none-eabi/lib/thumb/v7e-m+fp/hard/libc_nano.a
LOAD /opt/st/stm32cubeide_1.15.1/plugins/com.st.stm32cube.ide.mcu.externaltools.gnu-tools-for-stm32.12.3.rel1.linux64_1.0.100.202403111256/tools/bin/../lib/gcc/arm-none-eabi/12.3.1/../../../../arm-none-eabi/lib/thumb/v7e-m+fp/hard/libm.a
END GROUP
START GROUP
LOAD /opt/st/stm32cubeide_1.15.1/plugins/com.st.stm32cube.ide.mcu.externaltools.gnu-tools-for-stm32.12.3.rel1.linux64_1.0.100.202403111256/tools/bin/../lib/gcc/arm-none-eabi/12.3.1/thumb/v7e-m+fp/hard/libgcc.a
LOAD /opt/st/stm32cubeide_1.15.1/plugins/com.st.stm32cube.ide.mcu.externaltools.gnu-tools-for-stm32.12.3.rel1.linux64_1.0.100.202403111256/tools/bin/../lib/gcc/arm-none-eabi/12.3.1/../../../../arm-none-eabi/lib/thumb/v7e-m+fp/hard/libc_nano.a
END GROUP
START GROUP
LOAD /opt/st/stm32cubeide_1.15.1/plugins/com.st.stm32cube.ide.mcu.externaltools.gnu-tools-for-stm32.12.3.rel1.linux64_1.0.100.202403111256/tools/bin/../lib/gcc/arm-none-eabi/12.3.1/thumb/v7e-m+fp/hard/libgcc.a
LOAD /opt/st/stm32cubeide_1.15.1/plugins/com.st.stm32cube.ide.mcu.externaltools.gnu-tools-for-stm32.12.3.rel1.linux64_1.0.100.202403111256/tools/bin/../lib/gcc/arm-none-eabi/12.3.1/../../../../arm-none-eabi/lib/thumb/v7e-m+fp/hard/libc_nano.a
LOAD /opt/st/stm32cubeide_1.15.1/plugins/com.st.stm32cube.ide.mcu.externaltools.gnu-tools-for-stm32.12.3.rel1.linux64_1.0.100.202403111256/tools/bin/../lib/gcc/arm-none-eabi/12.3.1/../../../../arm-none-eabi/lib/thumb/v7e-m+fp/hard/libnosys.a
END GROUP
START GROUP
LOAD /opt/st/stm32cubeide_1.15.1/plugins/com.st.stm32cube.ide.mcu.externaltools.gnu-tools-for-stm32.12.3.rel1.linux64_1.0.100.202403111256/tools/bin/../lib/gcc/arm-none-eabi/12.3.1/thumb/v7e-m+fp/hard/libgcc.a
LOAD /opt/st/stm32cubeide_1.15.1/plugins/com.st.stm32cube.ide.mcu.externaltools.gnu-tools-for-stm32.12.3.rel1.linux64_1.0.100.202403111256/tools/bin/../lib/gcc/arm-none-eabi/12.3.1/../../../../arm-none-eabi/lib/thumb/v7e-m+fp/hard/libc_nano.a
LOAD /opt/st/stm32cubeide_1.15.1/plugins/com.st.stm32cube.ide.mcu.externaltools.gnu-tools-for-stm32.12.3.rel1.linux64_1.0.100.202403111256/tools/bin/../lib/gcc/arm-none-eabi/12.3.1/../../../../arm-none-eabi/lib/thumb/v7e-m+fp/hard/libnosys.a
END GROUP
LOAD /opt/st/stm32cubeide_1.15.1/plugins/com.st.stm32cube.ide.mcu.externaltools.gnu-tools-for-stm32.12.3.rel1.linux64_1.0.100.202403111256/tools/bin/../lib/gcc/arm-none-eabi/12.3.1/thumb/v7e-m+fp/hard/crtend.o
LOAD /opt/st/stm32cubeide_1.15.1/plugins/com.st.stm32cube.ide.mcu.externaltools.gnu-tools-for-stm32.12.3.rel1.linux64_1.0.100.202403111256/tools/bin/../lib/gcc/arm-none-eabi/12.3.1/thumb/v7e-m+fp/hard/crtn.o
                0x20030000                        _estack = (ORIGIN (RAM) + LENGTH (RAM))
                0x00000200                        _Min_Heap_Size = 0x200
                0x00000400                        _Min_Stack_Size = 0x400

.isr_vector     0x08000000      0x1ac
                0x08000000                        . = ALIGN (0x4)
 *(.isr_vector)
 .isr_vector    0x08000000      0x1ac ./Core/Startup/startup_stm32f429zitx.o
                0x08000000                g_pfnVectors
                0x080001ac                        . = ALIGN (0x4)

.text           0x080001b0     0xaa9c
                0x080001b0                        . = ALIGN (0x4)
 *(.text)
 .text          0x080001b0       0x40 /opt/st/stm32cubeide_1.15.1/plugins/com.st.stm32cube.ide.mcu.externaltools.gnu-tools-for-stm32.12.3.rel1.linux64_1.0.100.202403111256/tools/bin/../lib/gcc/arm-none-eabi/12.3.1/thumb/v7e-m+fp/hard/crtbegin.o
 .text          0x080001f0       0xa0 /opt/st/stm32cubeide_1.15.1/plugins/com.st.stm32cube.ide.mcu.externaltools.gnu-tools-for-stm32.12.3.rel1.linux64_1.0.100.202403111256/tools/bin/../lib/gcc/arm-none-eabi/12.3.1/../../../../arm-none-eabi/lib/thumb/v7e-m+fp/hard/libc_nano.a(libc_a-memchr.o)
                0x080001f0                memchr
 .text          0x08000290       0x10 /opt/st/stm32cubeide_1.15.1/plugins/com.st.stm32cube.ide.mcu.externaltools.gnu-tools-for-stm32.12.3.rel1.linux64_1.0.100.202403111256/tools/bin/../lib/gcc/arm-none-eabi/12.3.1/../../../../arm-none-eabi/lib/thumb/v7e-m+fp/hard/libc_nano.a(libc_a-strlen.o)
                0x08000290                strlen
 .text          0x080002a0      0x378 /opt/st/stm32cubeide_1.15.1/plugins/com.st.stm32cube.ide.mcu.externaltools.gnu-tools-for-stm32.12.3.rel1.linux64_1.0.100.202403111256/tools/bin/../lib/gcc/arm-none-eabi/12.3.1/thumb/v7e-m+fp/hard/libgcc.a(_arm_addsubdf3.o)
                0x080002a0                __aeabi_drsub
                0x080002a8                __aeabi_dsub
                0x080002a8                __subdf3
                0x080002ac                __adddf3
                0x080002ac                __aeabi_dadd
                0x08000524                __aeabi_ui2d
                0x08000524                __floatunsidf
                0x08000544                __floatsidf
                0x08000544                __aeabi_i2d
                0x08000568                __extendsfdf2
                0x08000568                __aeabi_f2d
                0x080005ac                __aeabi_ul2d
                0x080005ac                __floatundidf
                0x080005bc                __floatdidf
                0x080005bc                __aeabi_l2d
 .text          0x08000618      0x424 /opt/st/stm32cubeide_1.15.1/plugins/com.st.stm32cube.ide.mcu.externaltools.gnu-tools-for-stm32.12.3.rel1.linux64_1.0.100.202403111256/tools/bin/../lib/gcc/arm-none-eabi/12.3.1/thumb/v7e-m+fp/hard/libgcc.a(_arm_muldivdf3.o)
                0x08000618                __aeabi_dmul
                0x08000618                __muldf3
                0x0800086c                __aeabi_ddiv
                0x0800086c                __divdf3
 .text          0x08000a3c      0x110 /opt/st/stm32cubeide_1.15.1/plugins/com.st.stm32cube.ide.mcu.externaltools.gnu-tools-for-stm32.12.3.rel1.linux64_1.0.100.202403111256/tools/bin/../lib/gcc/arm-none-eabi/12.3.1/thumb/v7e-m+fp/hard/libgcc.a(_arm_cmpdf2.o)
                0x08000a3c                __gtdf2
                0x08000a3c                __gedf2
                0x08000a44                __ltdf2
                0x08000a44                __ledf2
                0x08000a4c                __cmpdf2
                0x08000a4c                __eqdf2
                0x08000a4c                __nedf2
                0x08000ac8                __aeabi_cdrcmple
                0x08000ad8                __aeabi_cdcmple
                0x08000ad8                __aeabi_cdcmpeq
                0x08000ae8                __aeabi_dcmpeq
                0x08000afc                __aeabi_dcmplt
                0x08000b10                __aeabi_dcmple
                0x08000b24                __aeabi_dcmpge
                0x08000b38                __aeabi_dcmpgt
 .text          0x08000b4c       0x2c /opt/st/stm32cubeide_1.15.1/plugins/com.st.stm32cube.ide.mcu.externaltools.gnu-tools-for-stm32.12.3.rel1.linux64_1.0.100.202403111256/tools/bin/../lib/gcc/arm-none-eabi/12.3.1/thumb/v7e-m+fp/hard/libgcc.a(_arm_unorddf2.o)
                0x08000b4c                __aeabi_dcmpun
                0x08000b4c                __unorddf2
 .text          0x08000b78       0x50 /opt/st/stm32cubeide_1.15.1/plugins/com.st.stm32cube.ide.mcu.externaltools.gnu-tools-for-stm32.12.3.rel1.linux64_1.0.100.202403111256/tools/bin/../lib/gcc/arm-none-eabi/12.3.1/thumb/v7e-m+fp/hard/libgcc.a(_arm_fixdfsi.o)
                0x08000b78                __fixdfsi
                0x08000b78                __aeabi_d2iz
 .text          0x08000bc8       0x40 /opt/st/stm32cubeide_1.15.1/plugins/com.st.stm32cube.ide.mcu.externaltools.gnu-tools-for-stm32.12.3.rel1.linux64_1.0.100.202403111256/tools/bin/../lib/gcc/arm-none-eabi/12.3.1/thumb/v7e-m+fp/hard/libgcc.a(_arm_fixunsdfsi.o)
                0x08000bc8                __fixunsdfsi
                0x08000bc8                __aeabi_d2uiz
 .text          0x08000c08       0xa0 /opt/st/stm32cubeide_1.15.1/plugins/com.st.stm32cube.ide.mcu.externaltools.gnu-tools-for-stm32.12.3.rel1.linux64_1.0.100.202403111256/tools/bin/../lib/gcc/arm-none-eabi/12.3.1/thumb/v7e-m+fp/hard/libgcc.a(_arm_truncdfsf2.o)
                0x08000c08                __aeabi_d2f
                0x08000c08                __truncdfsf2
 .text          0x08000ca8       0x30 /opt/st/stm32cubeide_1.15.1/plugins/com.st.stm32cube.ide.mcu.externaltools.gnu-tools-for-stm32.12.3.rel1.linux64_1.0.100.202403111256/tools/bin/../lib/gcc/arm-none-eabi/12.3.1/thumb/v7e-m+fp/hard/libgcc.a(_aeabi_uldivmod.o)
                0x08000ca8                __aeabi_uldivmod
 .text          0x08000cd8       0x30 /opt/st/stm32cubeide_1.15.1/plugins/com.st.stm32cube.ide.mcu.externaltools.gnu-tools-for-stm32.12.3.rel1.linux64_1.0.100.202403111256/tools/bin/../lib/gcc/arm-none-eabi/12.3.1/thumb/v7e-m+fp/hard/libgcc.a(_fixdfdi.o)
                0x08000cd8                __aeabi_d2lz
                0x08000cd8                __fixdfdi
 .text          0x08000d08       0x3c /opt/st/stm32cubeide_1.15.1/plugins/com.st.stm32cube.ide.mcu.externaltools.gnu-tools-for-stm32.12.3.rel1.linux64_1.0.100.202403111256/tools/bin/../lib/gcc/arm-none-eabi/12.3.1/thumb/v7e-m+fp/hard/libgcc.a(_fixunsdfdi.o)
                0x08000d08                __aeabi_d2ulz
                0x08000d08                __fixunsdfdi
 .text          0x08000d44      0x2bc /opt/st/stm32cubeide_1.15.1/plugins/com.st.stm32cube.ide.mcu.externaltools.gnu-tools-for-stm32.12.3.rel1.linux64_1.0.100.202403111256/tools/bin/../lib/gcc/arm-none-eabi/12.3.1/thumb/v7e-m+fp/hard/libgcc.a(_udivmoddi4.o)
                0x08000d44                __udivmoddi4
 .text          0x08001000        0x4 /opt/st/stm32cubeide_1.15.1/plugins/com.st.stm32cube.ide.mcu.externaltools.gnu-tools-for-stm32.12.3.rel1.linux64_1.0.100.202403111256/tools/bin/../lib/gcc/arm-none-eabi/12.3.1/thumb/v7e-m+fp/hard/libgcc.a(_dvmd_tls.o)
                0x08001000                __aeabi_ldiv0
                0x08001000                __aeabi_idiv0
 *(.text*)
 .text.main     0x08001004       0xc8 ./Core/Src/main.o
                0x08001004                main
 .text.SystemClock_Config
                0x080010cc       0xd4 ./Core/Src/main.o
                0x080010cc                SystemClock_Config
 .text.MX_ADC1_Init
                0x080011a0       0xa4 ./Core/Src/main.o
 .text.MX_USART1_UART_Init
                0x08001244       0x54 ./Core/Src/main.o
 .text.MX_USB_OTG_HS_HCD_Init
                0x08001298       0x58 ./Core/Src/main.o
 .text.MX_GPIO_Init
                0x080012f0      0x21c ./Core/Src/main.o
 .text.SampleFilter_init
                0x0800150c       0x38 ./Core/Src/main.o
                0x0800150c                SampleFilter_init
 .text.HAL_TIM_PeriodElapsedCallback
                0x08001544       0x24 ./Core/Src/main.o
                0x08001544                HAL_TIM_PeriodElapsedCallback
 .text.Error_Handler
                0x08001568        0xc ./Core/Src/main.o
                0x08001568                Error_Handler
 .text.RetargetInit
                0x08001574       0x30 ./Core/Src/retarget.o
                0x08001574                RetargetInit
 .text._isatty  0x080015a4       0x2c ./Core/Src/retarget.o
                0x080015a4                _isatty
 .text._write   0x080015d0       0x58 ./Core/Src/retarget.o
                0x080015d0                _write
 .text._close   0x08001628       0x2e ./Core/Src/retarget.o
                0x08001628                _close
 .text._lseek   0x08001656       0x22 ./Core/Src/retarget.o
                0x08001656                _lseek
 .text._read    0x08001678       0x50 ./Core/Src/retarget.o
                0x08001678                _read
 .text._fstat   0x080016c8       0x36 ./Core/Src/retarget.o
                0x080016c8                _fstat
 *fill*         0x080016fe        0x2 
 .text.HAL_MspInit
                0x08001700       0x50 ./Core/Src/stm32f4xx_hal_msp.o
                0x08001700                HAL_MspInit
 .text.HAL_ADC_MspInit
                0x08001750       0x88 ./Core/Src/stm32f4xx_hal_msp.o
                0x08001750                HAL_ADC_MspInit
 .text.HAL_UART_MspInit
                0x080017d8       0x90 ./Core/Src/stm32f4xx_hal_msp.o
                0x080017d8                HAL_UART_MspInit
 .text.HAL_HCD_MspInit
                0x08001868       0xbc ./Core/Src/stm32f4xx_hal_msp.o
                0x08001868                HAL_HCD_MspInit
 .text.HAL_InitTick
                0x08001924       0xb4 ./Core/Src/stm32f4xx_hal_timebase_tim.o
                0x08001924                HAL_InitTick
 .text.NMI_Handler
                0x080019d8        0x8 ./Core/Src/stm32f4xx_it.o
                0x080019d8                NMI_Handler
 .text.HardFault_Handler
                0x080019e0        0x8 ./Core/Src/stm32f4xx_it.o
                0x080019e0                HardFault_Handler
 .text.MemManage_Handler
                0x080019e8        0x8 ./Core/Src/stm32f4xx_it.o
                0x080019e8                MemManage_Handler
 .text.BusFault_Handler
                0x080019f0        0x8 ./Core/Src/stm32f4xx_it.o
                0x080019f0                BusFault_Handler
 .text.UsageFault_Handler
                0x080019f8        0x8 ./Core/Src/stm32f4xx_it.o
                0x080019f8                UsageFault_Handler
 .text.SVC_Handler
                0x08001a00        0xe ./Core/Src/stm32f4xx_it.o
                0x08001a00                SVC_Handler
 .text.DebugMon_Handler
                0x08001a0e        0xe ./Core/Src/stm32f4xx_it.o
                0x08001a0e                DebugMon_Handler
 .text.PendSV_Handler
                0x08001a1c        0xe ./Core/Src/stm32f4xx_it.o
                0x08001a1c                PendSV_Handler
 .text.SysTick_Handler
                0x08001a2a        0xe ./Core/Src/stm32f4xx_it.o
                0x08001a2a                SysTick_Handler
 .text.TIM6_DAC_IRQHandler
                0x08001a38       0x14 ./Core/Src/stm32f4xx_it.o
                0x08001a38                TIM6_DAC_IRQHandler
 .text.OTG_HS_IRQHandler
                0x08001a4c       0x14 ./Core/Src/stm32f4xx_it.o
                0x08001a4c                OTG_HS_IRQHandler
 .text._sbrk    0x08001a60       0x6c ./Core/Src/sysmem.o
                0x08001a60                _sbrk
 .text.SystemInit
                0x08001acc       0x24 ./Core/Src/system_stm32f4xx.o
                0x08001acc                SystemInit
 .text.Reset_Handler
                0x08001af0       0x50 ./Core/Startup/startup_stm32f429zitx.o
                0x08001af0                Reset_Handler
 .text.Default_Handler
                0x08001b40        0x2 ./Core/Startup/startup_stm32f429zitx.o
                0x08001b40                RTC_Alarm_IRQHandler
                0x08001b40                HASH_RNG_IRQHandler
                0x08001b40                EXTI2_IRQHandler
                0x08001b40                TIM8_CC_IRQHandler
                0x08001b40                UART8_IRQHandler
                0x08001b40                SPI4_IRQHandler
                0x08001b40                TIM1_CC_IRQHandler
                0x08001b40                DMA2_Stream5_IRQHandler
                0x08001b40                DMA1_Stream5_IRQHandler
                0x08001b40                PVD_IRQHandler
                0x08001b40                SDIO_IRQHandler
                0x08001b40                TAMP_STAMP_IRQHandler
                0x08001b40                CAN2_RX1_IRQHandler
                0x08001b40                EXTI3_IRQHandler
                0x08001b40                TIM8_TRG_COM_TIM14_IRQHandler
                0x08001b40                TIM1_UP_TIM10_IRQHandler
                0x08001b40                TIM8_UP_TIM13_IRQHandler
                0x08001b40                I2C3_ER_IRQHandler
                0x08001b40                EXTI0_IRQHandler
                0x08001b40                I2C2_EV_IRQHandler
                0x08001b40                DMA1_Stream2_IRQHandler
                0x08001b40                CAN1_RX0_IRQHandler
                0x08001b40                FPU_IRQHandler
                0x08001b40                OTG_HS_WKUP_IRQHandler
                0x08001b40                LTDC_ER_IRQHandler
                0x08001b40                CAN2_SCE_IRQHandler
                0x08001b40                DMA2_Stream2_IRQHandler
                0x08001b40                SPI1_IRQHandler
                0x08001b40                TIM1_BRK_TIM9_IRQHandler
                0x08001b40                DCMI_IRQHandler
                0x08001b40                CAN2_RX0_IRQHandler
                0x08001b40                DMA2_Stream3_IRQHandler
                0x08001b40                USART6_IRQHandler
                0x08001b40                USART3_IRQHandler
                0x08001b40                CAN1_RX1_IRQHandler
                0x08001b40                UART5_IRQHandler
                0x08001b40                DMA2_Stream0_IRQHandler
                0x08001b40                TIM4_IRQHandler
                0x08001b40                I2C1_EV_IRQHandler
                0x08001b40                DMA1_Stream6_IRQHandler
                0x08001b40                DMA1_Stream1_IRQHandler
                0x08001b40                UART4_IRQHandler
                0x08001b40                TIM3_IRQHandler
                0x08001b40                RCC_IRQHandler
                0x08001b40                TIM8_BRK_TIM12_IRQHandler
                0x08001b40                Default_Handler
                0x08001b40                EXTI15_10_IRQHandler
                0x08001b40                ADC_IRQHandler
                0x08001b40                DMA1_Stream7_IRQHandler
                0x08001b40                SPI5_IRQHandler
                0x08001b40                TIM7_IRQHandler
                0x08001b40                CAN2_TX_IRQHandler
                0x08001b40                TIM5_IRQHandler
                0x08001b40                DMA2_Stream7_IRQHandler
                0x08001b40                I2C3_EV_IRQHandler
                0x08001b40                EXTI9_5_IRQHandler
                0x08001b40                RTC_WKUP_IRQHandler
                0x08001b40                LTDC_IRQHandler
                0x08001b40                ETH_WKUP_IRQHandler
                0x08001b40                SPI2_IRQHandler
                0x08001b40                OTG_HS_EP1_IN_IRQHandler
                0x08001b40                DMA1_Stream0_IRQHandler
                0x08001b40                CAN1_TX_IRQHandler
                0x08001b40                EXTI4_IRQHandler
                0x08001b40                ETH_IRQHandler
                0x08001b40                OTG_HS_EP1_OUT_IRQHandler
                0x08001b40                WWDG_IRQHandler
                0x08001b40                SPI6_IRQHandler
                0x08001b40                TIM2_IRQHandler
                0x08001b40                OTG_FS_WKUP_IRQHandler
                0x08001b40                TIM1_TRG_COM_TIM11_IRQHandler
                0x08001b40                DMA2D_IRQHandler
                0x08001b40                EXTI1_IRQHandler
                0x08001b40                UART7_IRQHandler
                0x08001b40                USART2_IRQHandler
                0x08001b40                I2C2_ER_IRQHandler
                0x08001b40                DMA2_Stream1_IRQHandler
                0x08001b40                CAN1_SCE_IRQHandler
                0x08001b40                FLASH_IRQHandler
                0x08001b40                DMA2_Stream4_IRQHandler
                0x08001b40                USART1_IRQHandler
                0x08001b40                OTG_FS_IRQHandler
                0x08001b40                SPI3_IRQHandler
                0x08001b40                DMA1_Stream4_IRQHandler
                0x08001b40                I2C1_ER_IRQHandler
                0x08001b40                FMC_IRQHandler
                0x08001b40                DMA2_Stream6_IRQHandler
                0x08001b40                SAI1_IRQHandler
                0x08001b40                DMA1_Stream3_IRQHandler
 *fill*         0x08001b42        0x2 
 .text.HAL_Init
                0x08001b44       0x44 ./Drivers/STM32F4xx_HAL_Driver/Src/stm32f4xx_hal.o
                0x08001b44                HAL_Init
 .text.HAL_IncTick
                0x08001b88       0x28 ./Drivers/STM32F4xx_HAL_Driver/Src/stm32f4xx_hal.o
                0x08001b88                HAL_IncTick
 .text.HAL_GetTick
                0x08001bb0       0x18 ./Drivers/STM32F4xx_HAL_Driver/Src/stm32f4xx_hal.o
                0x08001bb0                HAL_GetTick
 .text.HAL_Delay
                0x08001bc8       0x48 ./Drivers/STM32F4xx_HAL_Driver/Src/stm32f4xx_hal.o
                0x08001bc8                HAL_Delay
 .text.HAL_ADC_Init
                0x08001c10       0x86 ./Drivers/STM32F4xx_HAL_Driver/Src/stm32f4xx_hal_adc.o
                0x08001c10                HAL_ADC_Init
 *fill*         0x08001c96        0x2 
 .text.HAL_ADC_ConfigChannel
                0x08001c98      0x264 ./Drivers/STM32F4xx_HAL_Driver/Src/stm32f4xx_hal_adc.o
                0x08001c98                HAL_ADC_ConfigChannel
 .text.ADC_Init
                0x08001efc      0x1f8 ./Drivers/STM32F4xx_HAL_Driver/Src/stm32f4xx_hal_adc.o
 .text.__NVIC_SetPriorityGrouping
                0x080020f4       0x48 ./Drivers/STM32F4xx_HAL_Driver/Src/stm32f4xx_hal_cortex.o
 .text.__NVIC_GetPriorityGrouping
                0x0800213c       0x1c ./Drivers/STM32F4xx_HAL_Driver/Src/stm32f4xx_hal_cortex.o
 .text.__NVIC_EnableIRQ
                0x08002158       0x3c ./Drivers/STM32F4xx_HAL_Driver/Src/stm32f4xx_hal_cortex.o
 .text.__NVIC_SetPriority
                0x08002194       0x54 ./Drivers/STM32F4xx_HAL_Driver/Src/stm32f4xx_hal_cortex.o
 .text.NVIC_EncodePriority
                0x080021e8       0x66 ./Drivers/STM32F4xx_HAL_Driver/Src/stm32f4xx_hal_cortex.o
 .text.HAL_NVIC_SetPriorityGrouping
                0x0800224e       0x16 ./Drivers/STM32F4xx_HAL_Driver/Src/stm32f4xx_hal_cortex.o
                0x0800224e                HAL_NVIC_SetPriorityGrouping
 .text.HAL_NVIC_SetPriority
                0x08002264       0x38 ./Drivers/STM32F4xx_HAL_Driver/Src/stm32f4xx_hal_cortex.o
                0x08002264                HAL_NVIC_SetPriority
 .text.HAL_NVIC_EnableIRQ
                0x0800229c       0x1c ./Drivers/STM32F4xx_HAL_Driver/Src/stm32f4xx_hal_cortex.o
                0x0800229c                HAL_NVIC_EnableIRQ
 .text.HAL_GPIO_Init
                0x080022b8      0x358 ./Drivers/STM32F4xx_HAL_Driver/Src/stm32f4xx_hal_gpio.o
                0x080022b8                HAL_GPIO_Init
 .text.HAL_GPIO_WritePin
                0x08002610       0x32 ./Drivers/STM32F4xx_HAL_Driver/Src/stm32f4xx_hal_gpio.o
                0x08002610                HAL_GPIO_WritePin
 .text.HAL_HCD_Init
                0x08002642       0xc4 ./Drivers/STM32F4xx_HAL_Driver/Src/stm32f4xx_hal_hcd.o
                0x08002642                HAL_HCD_Init
 .text.HAL_HCD_IRQHandler
                0x08002706      0x216 ./Drivers/STM32F4xx_HAL_Driver/Src/stm32f4xx_hal_hcd.o
                0x08002706                HAL_HCD_IRQHandler
 .text.HAL_HCD_SOF_Callback
                0x0800291c       0x14 ./Drivers/STM32F4xx_HAL_Driver/Src/stm32f4xx_hal_hcd.o
                0x0800291c                HAL_HCD_SOF_Callback
 .text.HAL_HCD_Connect_Callback
                0x08002930       0x14 ./Drivers/STM32F4xx_HAL_Driver/Src/stm32f4xx_hal_hcd.o
                0x08002930                HAL_HCD_Connect_Callback
 .text.HAL_HCD_Disconnect_Callback
                0x08002944       0x14 ./Drivers/STM32F4xx_HAL_Driver/Src/stm32f4xx_hal_hcd.o
                0x08002944                HAL_HCD_Disconnect_Callback
 .text.HAL_HCD_PortEnabled_Callback
                0x08002958       0x14 ./Drivers/STM32F4xx_HAL_Driver/Src/stm32f4xx_hal_hcd.o
                0x08002958                HAL_HCD_PortEnabled_Callback
 .text.HAL_HCD_PortDisabled_Callback
                0x0800296c       0x14 ./Drivers/STM32F4xx_HAL_Driver/Src/stm32f4xx_hal_hcd.o
                0x0800296c                HAL_HCD_PortDisabled_Callback
 .text.HAL_HCD_HC_NotifyURBChange_Callback
                0x08002980       0x1c ./Drivers/STM32F4xx_HAL_Driver/Src/stm32f4xx_hal_hcd.o
                0x08002980                HAL_HCD_HC_NotifyURBChange_Callback
 .text.HCD_HC_IN_IRQHandler
                0x0800299c      0x6aa ./Drivers/STM32F4xx_HAL_Driver/Src/stm32f4xx_hal_hcd.o
 .text.HCD_HC_OUT_IRQHandler
                0x08003046      0x6d2 ./Drivers/STM32F4xx_HAL_Driver/Src/stm32f4xx_hal_hcd.o
 .text.HCD_RXQLVL_IRQHandler
                0x08003718      0x1a4 ./Drivers/STM32F4xx_HAL_Driver/Src/stm32f4xx_hal_hcd.o
 .text.HCD_Port_IRQHandler
                0x080038bc       0xe6 ./Drivers/STM32F4xx_HAL_Driver/Src/stm32f4xx_hal_hcd.o
 *fill*         0x080039a2        0x2 
 .text.HAL_RCC_OscConfig
                0x080039a4      0x4f0 ./Drivers/STM32F4xx_HAL_Driver/Src/stm32f4xx_hal_rcc.o
                0x080039a4                HAL_RCC_OscConfig
 .text.HAL_RCC_ClockConfig
                0x08003e94      0x1cc ./Drivers/STM32F4xx_HAL_Driver/Src/stm32f4xx_hal_rcc.o
                0x08003e94                HAL_RCC_ClockConfig
 .text.HAL_RCC_GetSysClockFreq
                0x08004060      0x20c ./Drivers/STM32F4xx_HAL_Driver/Src/stm32f4xx_hal_rcc.o
                0x08004060                HAL_RCC_GetSysClockFreq
 .text.HAL_RCC_GetHCLKFreq
                0x0800426c       0x18 ./Drivers/STM32F4xx_HAL_Driver/Src/stm32f4xx_hal_rcc.o
                0x0800426c                HAL_RCC_GetHCLKFreq
 .text.HAL_RCC_GetPCLK1Freq
                0x08004284       0x28 ./Drivers/STM32F4xx_HAL_Driver/Src/stm32f4xx_hal_rcc.o
                0x08004284                HAL_RCC_GetPCLK1Freq
 .text.HAL_RCC_GetPCLK2Freq
                0x080042ac       0x28 ./Drivers/STM32F4xx_HAL_Driver/Src/stm32f4xx_hal_rcc.o
                0x080042ac                HAL_RCC_GetPCLK2Freq
 .text.HAL_RCC_GetClockConfig
                0x080042d4       0x64 ./Drivers/STM32F4xx_HAL_Driver/Src/stm32f4xx_hal_rcc.o
                0x080042d4                HAL_RCC_GetClockConfig
 .text.HAL_TIM_Base_Init
                0x08004338       0x9e ./Drivers/STM32F4xx_HAL_Driver/Src/stm32f4xx_hal_tim.o
                0x08004338                HAL_TIM_Base_Init
 .text.HAL_TIM_Base_MspInit
                0x080043d6       0x14 ./Drivers/STM32F4xx_HAL_Driver/Src/stm32f4xx_hal_tim.o
                0x080043d6                HAL_TIM_Base_MspInit
 *fill*         0x080043ea        0x2 
 .text.HAL_TIM_Base_Start_IT
                0x080043ec       0xe0 ./Drivers/STM32F4xx_HAL_Driver/Src/stm32f4xx_hal_tim.o
                0x080043ec                HAL_TIM_Base_Start_IT
 .text.HAL_TIM_IRQHandler
                0x080044cc      0x210 ./Drivers/STM32F4xx_HAL_Driver/Src/stm32f4xx_hal_tim.o
                0x080044cc                HAL_TIM_IRQHandler
 .text.HAL_TIM_OC_DelayElapsedCallback
                0x080046dc       0x14 ./Drivers/STM32F4xx_HAL_Driver/Src/stm32f4xx_hal_tim.o
                0x080046dc                HAL_TIM_OC_DelayElapsedCallback
 .text.HAL_TIM_IC_CaptureCallback
                0x080046f0       0x14 ./Drivers/STM32F4xx_HAL_Driver/Src/stm32f4xx_hal_tim.o
                0x080046f0                HAL_TIM_IC_CaptureCallback
 .text.HAL_TIM_PWM_PulseFinishedCallback
                0x08004704       0x14 ./Drivers/STM32F4xx_HAL_Driver/Src/stm32f4xx_hal_tim.o
                0x08004704                HAL_TIM_PWM_PulseFinishedCallback
 .text.HAL_TIM_TriggerCallback
                0x08004718       0x14 ./Drivers/STM32F4xx_HAL_Driver/Src/stm32f4xx_hal_tim.o
                0x08004718                HAL_TIM_TriggerCallback
 .text.TIM_Base_SetConfig
                0x0800472c      0x140 ./Drivers/STM32F4xx_HAL_Driver/Src/stm32f4xx_hal_tim.o
                0x0800472c                TIM_Base_SetConfig
 .text.HAL_TIMEx_CommutCallback
                0x0800486c       0x14 ./Drivers/STM32F4xx_HAL_Driver/Src/stm32f4xx_hal_tim_ex.o
                0x0800486c                HAL_TIMEx_CommutCallback
 .text.HAL_TIMEx_BreakCallback
                0x08004880       0x14 ./Drivers/STM32F4xx_HAL_Driver/Src/stm32f4xx_hal_tim_ex.o
                0x08004880                HAL_TIMEx_BreakCallback
 .text.HAL_UART_Init
                0x08004894       0x9a ./Drivers/STM32F4xx_HAL_Driver/Src/stm32f4xx_hal_uart.o
                0x08004894                HAL_UART_Init
 .text.HAL_UART_Transmit
                0x0800492e      0x124 ./Drivers/STM32F4xx_HAL_Driver/Src/stm32f4xx_hal_uart.o
                0x0800492e                HAL_UART_Transmit
 .text.HAL_UART_Receive
                0x08004a52      0x144 ./Drivers/STM32F4xx_HAL_Driver/Src/stm32f4xx_hal_uart.o
                0x08004a52                HAL_UART_Receive
 .text.UART_WaitOnFlagUntilTimeout
                0x08004b96       0xdc ./Drivers/STM32F4xx_HAL_Driver/Src/stm32f4xx_hal_uart.o
 *fill*         0x08004c72        0x2 
 .text.UART_SetConfig
                0x08004c74      0x4e8 ./Drivers/STM32F4xx_HAL_Driver/Src/stm32f4xx_hal_uart.o
 .text.USB_CoreInit
                0x0800515c       0xc2 ./Drivers/STM32F4xx_HAL_Driver/Src/stm32f4xx_ll_usb.o
                0x0800515c                USB_CoreInit
 .text.USB_DisableGlobalInt
                0x0800521e       0x22 ./Drivers/STM32F4xx_HAL_Driver/Src/stm32f4xx_ll_usb.o
                0x0800521e                USB_DisableGlobalInt
 .text.USB_SetCurrentMode
                0x08005240       0x98 ./Drivers/STM32F4xx_HAL_Driver/Src/stm32f4xx_ll_usb.o
                0x08005240                USB_SetCurrentMode
 .text.USB_FlushTxFifo
                0x080052d8       0x68 ./Drivers/STM32F4xx_HAL_Driver/Src/stm32f4xx_ll_usb.o
                0x080052d8                USB_FlushTxFifo
 .text.USB_FlushRxFifo
                0x08005340       0x60 ./Drivers/STM32F4xx_HAL_Driver/Src/stm32f4xx_ll_usb.o
                0x08005340                USB_FlushRxFifo
 .text.USB_ReadPacket
                0x080053a0       0xb0 ./Drivers/STM32F4xx_HAL_Driver/Src/stm32f4xx_ll_usb.o
                0x080053a0                USB_ReadPacket
 .text.USB_ReadInterrupts
                0x08005450       0x26 ./Drivers/STM32F4xx_HAL_Driver/Src/stm32f4xx_ll_usb.o
                0x08005450                USB_ReadInterrupts
 .text.USB_GetMode
                0x08005476       0x1c ./Drivers/STM32F4xx_HAL_Driver/Src/stm32f4xx_ll_usb.o
                0x08005476                USB_GetMode
 *fill*         0x08005492        0x2 
 .text.USB_CoreReset
                0x08005494       0x68 ./Drivers/STM32F4xx_HAL_Driver/Src/stm32f4xx_ll_usb.o
 .text.USB_HostInit
                0x080054fc      0x180 ./Drivers/STM32F4xx_HAL_Driver/Src/stm32f4xx_ll_usb.o
                0x080054fc                USB_HostInit
 .text.USB_InitFSLSPClkSel
                0x0800567c       0x74 ./Drivers/STM32F4xx_HAL_Driver/Src/stm32f4xx_ll_usb.o
                0x0800567c                USB_InitFSLSPClkSel
 .text.USB_HC_ReadInterrupt
                0x080056f0       0x22 ./Drivers/STM32F4xx_HAL_Driver/Src/stm32f4xx_ll_usb.o
                0x080056f0                USB_HC_ReadInterrupt
 .text.USB_HC_Halt
                0x08005712      0x1f8 ./Drivers/STM32F4xx_HAL_Driver/Src/stm32f4xx_ll_usb.o
                0x08005712                USB_HC_Halt
 .text.__cvt    0x0800590a       0xca /opt/st/stm32cubeide_1.15.1/plugins/com.st.stm32cube.ide.mcu.externaltools.gnu-tools-for-stm32.12.3.rel1.linux64_1.0.100.202403111256/tools/bin/../lib/gcc/arm-none-eabi/12.3.1/../../../../arm-none-eabi/lib/thumb/v7e-m+fp/hard/libc_nano.a(libc_a-nano-vfprintf_float.o)
                0x0800590a                __cvt
 .text.__exponent
                0x080059d4       0x74 /opt/st/stm32cubeide_1.15.1/plugins/com.st.stm32cube.ide.mcu.externaltools.gnu-tools-for-stm32.12.3.rel1.linux64_1.0.100.202403111256/tools/bin/../lib/gcc/arm-none-eabi/12.3.1/../../../../arm-none-eabi/lib/thumb/v7e-m+fp/hard/libc_nano.a(libc_a-nano-vfprintf_float.o)
                0x080059d4                __exponent
 .text._printf_float
                0x08005a48      0x454 /opt/st/stm32cubeide_1.15.1/plugins/com.st.stm32cube.ide.mcu.externaltools.gnu-tools-for-stm32.12.3.rel1.linux64_1.0.100.202403111256/tools/bin/../lib/gcc/arm-none-eabi/12.3.1/../../../../arm-none-eabi/lib/thumb/v7e-m+fp/hard/libc_nano.a(libc_a-nano-vfprintf_float.o)
                0x08005a48                _printf_float
 .text._printf_common
                0x08005e9c       0xda /opt/st/stm32cubeide_1.15.1/plugins/com.st.stm32cube.ide.mcu.externaltools.gnu-tools-for-stm32.12.3.rel1.linux64_1.0.100.202403111256/tools/bin/../lib/gcc/arm-none-eabi/12.3.1/../../../../arm-none-eabi/lib/thumb/v7e-m+fp/hard/libc_nano.a(libc_a-nano-vfprintf_i.o)
                0x08005e9c                _printf_common
 *fill*         0x08005f76        0x2 
 .text._printf_i
                0x08005f78      0x240 /opt/st/stm32cubeide_1.15.1/plugins/com.st.stm32cube.ide.mcu.externaltools.gnu-tools-for-stm32.12.3.rel1.linux64_1.0.100.202403111256/tools/bin/../lib/gcc/arm-none-eabi/12.3.1/../../../../arm-none-eabi/lib/thumb/v7e-m+fp/hard/libc_nano.a(libc_a-nano-vfprintf_i.o)
                0x08005f78                _printf_i
 .text._scanf_float
                0x080061b8      0x428 /opt/st/stm32cubeide_1.15.1/plugins/com.st.stm32cube.ide.mcu.externaltools.gnu-tools-for-stm32.12.3.rel1.linux64_1.0.100.202403111256/tools/bin/../lib/gcc/arm-none-eabi/12.3.1/../../../../arm-none-eabi/lib/thumb/v7e-m+fp/hard/libc_nano.a(libc_a-nano-vfscanf_float.o)
                0x080061b8                _scanf_float
 .text.std      0x080065e0       0x6c /opt/st/stm32cubeide_1.15.1/plugins/com.st.stm32cube.ide.mcu.externaltools.gnu-tools-for-stm32.12.3.rel1.linux64_1.0.100.202403111256/tools/bin/../lib/gcc/arm-none-eabi/12.3.1/../../../../arm-none-eabi/lib/thumb/v7e-m+fp/hard/libc_nano.a(libc_a-findfp.o)
 .text.stdio_exit_handler
                0x0800664c       0x18 /opt/st/stm32cubeide_1.15.1/plugins/com.st.stm32cube.ide.mcu.externaltools.gnu-tools-for-stm32.12.3.rel1.linux64_1.0.100.202403111256/tools/bin/../lib/gcc/arm-none-eabi/12.3.1/../../../../arm-none-eabi/lib/thumb/v7e-m+fp/hard/libc_nano.a(libc_a-findfp.o)
 .text.cleanup_stdio
                0x08006664       0x40 /opt/st/stm32cubeide_1.15.1/plugins/com.st.stm32cube.ide.mcu.externaltools.gnu-tools-for-stm32.12.3.rel1.linux64_1.0.100.202403111256/tools/bin/../lib/gcc/arm-none-eabi/12.3.1/../../../../arm-none-eabi/lib/thumb/v7e-m+fp/hard/libc_nano.a(libc_a-findfp.o)
 .text.global_stdio_init.part.0
                0x080066a4       0x3c /opt/st/stm32cubeide_1.15.1/plugins/com.st.stm32cube.ide.mcu.externaltools.gnu-tools-for-stm32.12.3.rel1.linux64_1.0.100.202403111256/tools/bin/../lib/gcc/arm-none-eabi/12.3.1/../../../../arm-none-eabi/lib/thumb/v7e-m+fp/hard/libc_nano.a(libc_a-findfp.o)
 .text.__sfp_lock_acquire
                0x080066e0        0xc /opt/st/stm32cubeide_1.15.1/plugins/com.st.stm32cube.ide.mcu.externaltools.gnu-tools-for-stm32.12.3.rel1.linux64_1.0.100.202403111256/tools/bin/../lib/gcc/arm-none-eabi/12.3.1/../../../../arm-none-eabi/lib/thumb/v7e-m+fp/hard/libc_nano.a(libc_a-findfp.o)
                0x080066e0                __sfp_lock_acquire
 .text.__sfp_lock_release
                0x080066ec        0xc /opt/st/stm32cubeide_1.15.1/plugins/com.st.stm32cube.ide.mcu.externaltools.gnu-tools-for-stm32.12.3.rel1.linux64_1.0.100.202403111256/tools/bin/../lib/gcc/arm-none-eabi/12.3.1/../../../../arm-none-eabi/lib/thumb/v7e-m+fp/hard/libc_nano.a(libc_a-findfp.o)
                0x080066ec                __sfp_lock_release
 .text.__sinit  0x080066f8       0x30 /opt/st/stm32cubeide_1.15.1/plugins/com.st.stm32cube.ide.mcu.externaltools.gnu-tools-for-stm32.12.3.rel1.linux64_1.0.100.202403111256/tools/bin/../lib/gcc/arm-none-eabi/12.3.1/../../../../arm-none-eabi/lib/thumb/v7e-m+fp/hard/libc_nano.a(libc_a-findfp.o)
                0x080066f8                __sinit
 .text._fwalk_sglue
                0x08006728       0x3c /opt/st/stm32cubeide_1.15.1/plugins/com.st.stm32cube.ide.mcu.externaltools.gnu-tools-for-stm32.12.3.rel1.linux64_1.0.100.202403111256/tools/bin/../lib/gcc/arm-none-eabi/12.3.1/../../../../arm-none-eabi/lib/thumb/v7e-m+fp/hard/libc_nano.a(libc_a-fwalk.o)
                0x08006728                _fwalk_sglue
 .text.printf   0x08006764       0x24 /opt/st/stm32cubeide_1.15.1/plugins/com.st.stm32cube.ide.mcu.externaltools.gnu-tools-for-stm32.12.3.rel1.linux64_1.0.100.202403111256/tools/bin/../lib/gcc/arm-none-eabi/12.3.1/../../../../arm-none-eabi/lib/thumb/v7e-m+fp/hard/libc_nano.a(libc_a-printf.o)
                0x08006764                printf
                0x08006764                iprintf
 .text._puts_r  0x08006788       0xaa /opt/st/stm32cubeide_1.15.1/plugins/com.st.stm32cube.ide.mcu.externaltools.gnu-tools-for-stm32.12.3.rel1.linux64_1.0.100.202403111256/tools/bin/../lib/gcc/arm-none-eabi/12.3.1/../../../../arm-none-eabi/lib/thumb/v7e-m+fp/hard/libc_nano.a(libc_a-puts.o)
                0x08006788                _puts_r
 *fill*         0x08006832        0x2 
 .text.puts     0x08006834       0x10 /opt/st/stm32cubeide_1.15.1/plugins/com.st.stm32cube.ide.mcu.externaltools.gnu-tools-for-stm32.12.3.rel1.linux64_1.0.100.202403111256/tools/bin/../lib/gcc/arm-none-eabi/12.3.1/../../../../arm-none-eabi/lib/thumb/v7e-m+fp/hard/libc_nano.a(libc_a-puts.o)
                0x08006834                puts
 .text.scanf    0x08006844       0x24 /opt/st/stm32cubeide_1.15.1/plugins/com.st.stm32cube.ide.mcu.externaltools.gnu-tools-for-stm32.12.3.rel1.linux64_1.0.100.202403111256/tools/bin/../lib/gcc/arm-none-eabi/12.3.1/../../../../arm-none-eabi/lib/thumb/v7e-m+fp/hard/libc_nano.a(libc_a-scanf.o)
                0x08006844                iscanf
                0x08006844                scanf
 .text.setvbuf  0x08006868      0x168 /opt/st/stm32cubeide_1.15.1/plugins/com.st.stm32cube.ide.mcu.externaltools.gnu-tools-for-stm32.12.3.rel1.linux64_1.0.100.202403111256/tools/bin/../lib/gcc/arm-none-eabi/12.3.1/../../../../arm-none-eabi/lib/thumb/v7e-m+fp/hard/libc_nano.a(libc_a-setvbuf.o)
                0x08006868                setvbuf
 .text.sprintf  0x080069d0       0x40 /opt/st/stm32cubeide_1.15.1/plugins/com.st.stm32cube.ide.mcu.externaltools.gnu-tools-for-stm32.12.3.rel1.linux64_1.0.100.202403111256/tools/bin/../lib/gcc/arm-none-eabi/12.3.1/../../../../arm-none-eabi/lib/thumb/v7e-m+fp/hard/libc_nano.a(libc_a-sprintf.o)
                0x080069d0                sprintf
                0x080069d0                siprintf
 .text.__sread  0x08006a10       0x22 /opt/st/stm32cubeide_1.15.1/plugins/com.st.stm32cube.ide.mcu.externaltools.gnu-tools-for-stm32.12.3.rel1.linux64_1.0.100.202403111256/tools/bin/../lib/gcc/arm-none-eabi/12.3.1/../../../../arm-none-eabi/lib/thumb/v7e-m+fp/hard/libc_nano.a(libc_a-stdio.o)
                0x08006a10                __sread
 .text.__swrite
                0x08006a32       0x38 /opt/st/stm32cubeide_1.15.1/plugins/com.st.stm32cube.ide.mcu.externaltools.gnu-tools-for-stm32.12.3.rel1.linux64_1.0.100.202403111256/tools/bin/../lib/gcc/arm-none-eabi/12.3.1/../../../../arm-none-eabi/lib/thumb/v7e-m+fp/hard/libc_nano.a(libc_a-stdio.o)
                0x08006a32                __swrite
 .text.__sseek  0x08006a6a       0x24 /opt/st/stm32cubeide_1.15.1/plugins/com.st.stm32cube.ide.mcu.externaltools.gnu-tools-for-stm32.12.3.rel1.linux64_1.0.100.202403111256/tools/bin/../lib/gcc/arm-none-eabi/12.3.1/../../../../arm-none-eabi/lib/thumb/v7e-m+fp/hard/libc_nano.a(libc_a-stdio.o)
                0x08006a6a                __sseek
 .text.__sclose
                0x08006a8e        0x8 /opt/st/stm32cubeide_1.15.1/plugins/com.st.stm32cube.ide.mcu.externaltools.gnu-tools-for-stm32.12.3.rel1.linux64_1.0.100.202403111256/tools/bin/../lib/gcc/arm-none-eabi/12.3.1/../../../../arm-none-eabi/lib/thumb/v7e-m+fp/hard/libc_nano.a(libc_a-stdio.o)
                0x08006a8e                __sclose
 .text.__swbuf_r
                0x08006a96       0x7c /opt/st/stm32cubeide_1.15.1/plugins/com.st.stm32cube.ide.mcu.externaltools.gnu-tools-for-stm32.12.3.rel1.linux64_1.0.100.202403111256/tools/bin/../lib/gcc/arm-none-eabi/12.3.1/../../../../arm-none-eabi/lib/thumb/v7e-m+fp/hard/libc_nano.a(libc_a-wbuf.o)
                0x08006a96                __swbuf_r
 *fill*         0x08006b12        0x2 
 .text.__swsetup_r
                0x08006b14       0xac /opt/st/stm32cubeide_1.15.1/plugins/com.st.stm32cube.ide.mcu.externaltools.gnu-tools-for-stm32.12.3.rel1.linux64_1.0.100.202403111256/tools/bin/../lib/gcc/arm-none-eabi/12.3.1/../../../../arm-none-eabi/lib/thumb/v7e-m+fp/hard/libc_nano.a(libc_a-wsetup.o)
                0x08006b14                __swsetup_r
 .text.memset   0x08006bc0       0x10 /opt/st/stm32cubeide_1.15.1/plugins/com.st.stm32cube.ide.mcu.externaltools.gnu-tools-for-stm32.12.3.rel1.linux64_1.0.100.202403111256/tools/bin/../lib/gcc/arm-none-eabi/12.3.1/../../../../arm-none-eabi/lib/thumb/v7e-m+fp/hard/libc_nano.a(libc_a-memset.o)
                0x08006bc0                memset
 .text._localeconv_r
                0x08006bd0        0x8 /opt/st/stm32cubeide_1.15.1/plugins/com.st.stm32cube.ide.mcu.externaltools.gnu-tools-for-stm32.12.3.rel1.linux64_1.0.100.202403111256/tools/bin/../lib/gcc/arm-none-eabi/12.3.1/../../../../arm-none-eabi/lib/thumb/v7e-m+fp/hard/libc_nano.a(libc_a-localeconv.o)
                0x08006bd0                _localeconv_r
 .text._close_r
                0x08006bd8       0x20 /opt/st/stm32cubeide_1.15.1/plugins/com.st.stm32cube.ide.mcu.externaltools.gnu-tools-for-stm32.12.3.rel1.linux64_1.0.100.202403111256/tools/bin/../lib/gcc/arm-none-eabi/12.3.1/../../../../arm-none-eabi/lib/thumb/v7e-m+fp/hard/libc_nano.a(libc_a-closer.o)
                0x08006bd8                _close_r
 .text._lseek_r
                0x08006bf8       0x24 /opt/st/stm32cubeide_1.15.1/plugins/com.st.stm32cube.ide.mcu.externaltools.gnu-tools-for-stm32.12.3.rel1.linux64_1.0.100.202403111256/tools/bin/../lib/gcc/arm-none-eabi/12.3.1/../../../../arm-none-eabi/lib/thumb/v7e-m+fp/hard/libc_nano.a(libc_a-lseekr.o)
                0x08006bf8                _lseek_r
 .text._read_r  0x08006c1c       0x24 /opt/st/stm32cubeide_1.15.1/plugins/com.st.stm32cube.ide.mcu.externaltools.gnu-tools-for-stm32.12.3.rel1.linux64_1.0.100.202403111256/tools/bin/../lib/gcc/arm-none-eabi/12.3.1/../../../../arm-none-eabi/lib/thumb/v7e-m+fp/hard/libc_nano.a(libc_a-readr.o)
                0x08006c1c                _read_r
 .text._write_r
                0x08006c40       0x24 /opt/st/stm32cubeide_1.15.1/plugins/com.st.stm32cube.ide.mcu.externaltools.gnu-tools-for-stm32.12.3.rel1.linux64_1.0.100.202403111256/tools/bin/../lib/gcc/arm-none-eabi/12.3.1/../../../../arm-none-eabi/lib/thumb/v7e-m+fp/hard/libc_nano.a(libc_a-writer.o)
                0x08006c40                _write_r
 .text.__errno  0x08006c64        0xc /opt/st/stm32cubeide_1.15.1/plugins/com.st.stm32cube.ide.mcu.externaltools.gnu-tools-for-stm32.12.3.rel1.linux64_1.0.100.202403111256/tools/bin/../lib/gcc/arm-none-eabi/12.3.1/../../../../arm-none-eabi/lib/thumb/v7e-m+fp/hard/libc_nano.a(libc_a-errno.o)
                0x08006c64                __errno
 .text.__libc_init_array
                0x08006c70       0x48 /opt/st/stm32cubeide_1.15.1/plugins/com.st.stm32cube.ide.mcu.externaltools.gnu-tools-for-stm32.12.3.rel1.linux64_1.0.100.202403111256/tools/bin/../lib/gcc/arm-none-eabi/12.3.1/../../../../arm-none-eabi/lib/thumb/v7e-m+fp/hard/libc_nano.a(libc_a-init.o)
                0x08006c70                __libc_init_array
 .text.__retarget_lock_init_recursive
                0x08006cb8        0x2 /opt/st/stm32cubeide_1.15.1/plugins/com.st.stm32cube.ide.mcu.externaltools.gnu-tools-for-stm32.12.3.rel1.linux64_1.0.100.202403111256/tools/bin/../lib/gcc/arm-none-eabi/12.3.1/../../../../arm-none-eabi/lib/thumb/v7e-m+fp/hard/libc_nano.a(libc_a-lock.o)
                0x08006cb8                __retarget_lock_init_recursive
 .text.__retarget_lock_acquire_recursive
                0x08006cba        0x2 /opt/st/stm32cubeide_1.15.1/plugins/com.st.stm32cube.ide.mcu.externaltools.gnu-tools-for-stm32.12.3.rel1.linux64_1.0.100.202403111256/tools/bin/../lib/gcc/arm-none-eabi/12.3.1/../../../../arm-none-eabi/lib/thumb/v7e-m+fp/hard/libc_nano.a(libc_a-lock.o)
                0x08006cba                __retarget_lock_acquire_recursive
 .text.__retarget_lock_release_recursive
                0x08006cbc        0x2 /opt/st/stm32cubeide_1.15.1/plugins/com.st.stm32cube.ide.mcu.externaltools.gnu-tools-for-stm32.12.3.rel1.linux64_1.0.100.202403111256/tools/bin/../lib/gcc/arm-none-eabi/12.3.1/../../../../arm-none-eabi/lib/thumb/v7e-m+fp/hard/libc_nano.a(libc_a-lock.o)
                0x08006cbc                __retarget_lock_release_recursive
 *fill*         0x08006cbe        0x2 
 .text.nanf     0x08006cc0        0xc /opt/st/stm32cubeide_1.15.1/plugins/com.st.stm32cube.ide.mcu.externaltools.gnu-tools-for-stm32.12.3.rel1.linux64_1.0.100.202403111256/tools/bin/../lib/gcc/arm-none-eabi/12.3.1/../../../../arm-none-eabi/lib/thumb/v7e-m+fp/hard/libc_nano.a(libm_a-sf_nan.o)
                0x08006cc0                nanf
 .text.quorem   0x08006ccc      0x110 /opt/st/stm32cubeide_1.15.1/plugins/com.st.stm32cube.ide.mcu.externaltools.gnu-tools-for-stm32.12.3.rel1.linux64_1.0.100.202403111256/tools/bin/../lib/gcc/arm-none-eabi/12.3.1/../../../../arm-none-eabi/lib/thumb/v7e-m+fp/hard/libc_nano.a(libc_a-dtoa.o)
 *fill*         0x08006ddc        0x4 
 .text._dtoa_r  0x08006de0      0xb88 /opt/st/stm32cubeide_1.15.1/plugins/com.st.stm32cube.ide.mcu.externaltools.gnu-tools-for-stm32.12.3.rel1.linux64_1.0.100.202403111256/tools/bin/../lib/gcc/arm-none-eabi/12.3.1/../../../../arm-none-eabi/lib/thumb/v7e-m+fp/hard/libc_nano.a(libc_a-dtoa.o)
                0x08006de0                _dtoa_r
 .text._free_r  0x08007968       0x94 /opt/st/stm32cubeide_1.15.1/plugins/com.st.stm32cube.ide.mcu.externaltools.gnu-tools-for-stm32.12.3.rel1.linux64_1.0.100.202403111256/tools/bin/../lib/gcc/arm-none-eabi/12.3.1/../../../../arm-none-eabi/lib/thumb/v7e-m+fp/hard/libc_nano.a(libc_a-freer.o)
                0x08007968                _free_r
 .text.malloc   0x080079fc       0x10 /opt/st/stm32cubeide_1.15.1/plugins/com.st.stm32cube.ide.mcu.externaltools.gnu-tools-for-stm32.12.3.rel1.linux64_1.0.100.202403111256/tools/bin/../lib/gcc/arm-none-eabi/12.3.1/../../../../arm-none-eabi/lib/thumb/v7e-m+fp/hard/libc_nano.a(libc_a-malloc.o)
                0x080079fc                malloc
 .text.sbrk_aligned
                0x08007a0c       0x44 /opt/st/stm32cubeide_1.15.1/plugins/com.st.stm32cube.ide.mcu.externaltools.gnu-tools-for-stm32.12.3.rel1.linux64_1.0.100.202403111256/tools/bin/../lib/gcc/arm-none-eabi/12.3.1/../../../../arm-none-eabi/lib/thumb/v7e-m+fp/hard/libc_nano.a(libc_a-mallocr.o)
 .text._malloc_r
                0x08007a50      0x100 /opt/st/stm32cubeide_1.15.1/plugins/com.st.stm32cube.ide.mcu.externaltools.gnu-tools-for-stm32.12.3.rel1.linux64_1.0.100.202403111256/tools/bin/../lib/gcc/arm-none-eabi/12.3.1/../../../../arm-none-eabi/lib/thumb/v7e-m+fp/hard/libc_nano.a(libc_a-mallocr.o)
                0x08007a50                _malloc_r
 .text.__malloc_lock
                0x08007b50        0xc /opt/st/stm32cubeide_1.15.1/plugins/com.st.stm32cube.ide.mcu.externaltools.gnu-tools-for-stm32.12.3.rel1.linux64_1.0.100.202403111256/tools/bin/../lib/gcc/arm-none-eabi/12.3.1/../../../../arm-none-eabi/lib/thumb/v7e-m+fp/hard/libc_nano.a(libc_a-mlock.o)
                0x08007b50                __malloc_lock
 .text.__malloc_unlock
                0x08007b5c        0xc /opt/st/stm32cubeide_1.15.1/plugins/com.st.stm32cube.ide.mcu.externaltools.gnu-tools-for-stm32.12.3.rel1.linux64_1.0.100.202403111256/tools/bin/../lib/gcc/arm-none-eabi/12.3.1/../../../../arm-none-eabi/lib/thumb/v7e-m+fp/hard/libc_nano.a(libc_a-mlock.o)
                0x08007b5c                __malloc_unlock
 .text._Balloc  0x08007b68       0x80 /opt/st/stm32cubeide_1.15.1/plugins/com.st.stm32cube.ide.mcu.externaltools.gnu-tools-for-stm32.12.3.rel1.linux64_1.0.100.202403111256/tools/bin/../lib/gcc/arm-none-eabi/12.3.1/../../../../arm-none-eabi/lib/thumb/v7e-m+fp/hard/libc_nano.a(libc_a-mprec.o)
                0x08007b68                _Balloc
 .text._Bfree   0x08007be8       0x44 /opt/st/stm32cubeide_1.15.1/plugins/com.st.stm32cube.ide.mcu.externaltools.gnu-tools-for-stm32.12.3.rel1.linux64_1.0.100.202403111256/tools/bin/../lib/gcc/arm-none-eabi/12.3.1/../../../../arm-none-eabi/lib/thumb/v7e-m+fp/hard/libc_nano.a(libc_a-mprec.o)
                0x08007be8                _Bfree
 .text.__multadd
                0x08007c2c       0x8c /opt/st/stm32cubeide_1.15.1/plugins/com.st.stm32cube.ide.mcu.externaltools.gnu-tools-for-stm32.12.3.rel1.linux64_1.0.100.202403111256/tools/bin/../lib/gcc/arm-none-eabi/12.3.1/../../../../arm-none-eabi/lib/thumb/v7e-m+fp/hard/libc_nano.a(libc_a-mprec.o)
                0x08007c2c                __multadd
 .text.__s2b    0x08007cb8       0x94 /opt/st/stm32cubeide_1.15.1/plugins/com.st.stm32cube.ide.mcu.externaltools.gnu-tools-for-stm32.12.3.rel1.linux64_1.0.100.202403111256/tools/bin/../lib/gcc/arm-none-eabi/12.3.1/../../../../arm-none-eabi/lib/thumb/v7e-m+fp/hard/libc_nano.a(libc_a-mprec.o)
                0x08007cb8                __s2b
 .text.__hi0bits
                0x08007d4c       0x3e /opt/st/stm32cubeide_1.15.1/plugins/com.st.stm32cube.ide.mcu.externaltools.gnu-tools-for-stm32.12.3.rel1.linux64_1.0.100.202403111256/tools/bin/../lib/gcc/arm-none-eabi/12.3.1/../../../../arm-none-eabi/lib/thumb/v7e-m+fp/hard/libc_nano.a(libc_a-mprec.o)
                0x08007d4c                __hi0bits
 .text.__lo0bits
                0x08007d8a       0x5a /opt/st/stm32cubeide_1.15.1/plugins/com.st.stm32cube.ide.mcu.externaltools.gnu-tools-for-stm32.12.3.rel1.linux64_1.0.100.202403111256/tools/bin/../lib/gcc/arm-none-eabi/12.3.1/../../../../arm-none-eabi/lib/thumb/v7e-m+fp/hard/libc_nano.a(libc_a-mprec.o)
                0x08007d8a                __lo0bits
 .text.__i2b    0x08007de4       0x2c /opt/st/stm32cubeide_1.15.1/plugins/com.st.stm32cube.ide.mcu.externaltools.gnu-tools-for-stm32.12.3.rel1.linux64_1.0.100.202403111256/tools/bin/../lib/gcc/arm-none-eabi/12.3.1/../../../../arm-none-eabi/lib/thumb/v7e-m+fp/hard/libc_nano.a(libc_a-mprec.o)
                0x08007de4                __i2b
 .text.__multiply
                0x08007e10      0x154 /opt/st/stm32cubeide_1.15.1/plugins/com.st.stm32cube.ide.mcu.externaltools.gnu-tools-for-stm32.12.3.rel1.linux64_1.0.100.202403111256/tools/bin/../lib/gcc/arm-none-eabi/12.3.1/../../../../arm-none-eabi/lib/thumb/v7e-m+fp/hard/libc_nano.a(libc_a-mprec.o)
                0x08007e10                __multiply
 .text.__pow5mult
                0x08007f64       0xb4 /opt/st/stm32cubeide_1.15.1/plugins/com.st.stm32cube.ide.mcu.externaltools.gnu-tools-for-stm32.12.3.rel1.linux64_1.0.100.202403111256/tools/bin/../lib/gcc/arm-none-eabi/12.3.1/../../../../arm-none-eabi/lib/thumb/v7e-m+fp/hard/libc_nano.a(libc_a-mprec.o)
                0x08007f64                __pow5mult
 .text.__lshift
                0x08008018       0xd8 /opt/st/stm32cubeide_1.15.1/plugins/com.st.stm32cube.ide.mcu.externaltools.gnu-tools-for-stm32.12.3.rel1.linux64_1.0.100.202403111256/tools/bin/../lib/gcc/arm-none-eabi/12.3.1/../../../../arm-none-eabi/lib/thumb/v7e-m+fp/hard/libc_nano.a(libc_a-mprec.o)
                0x08008018                __lshift
 .text.__mcmp   0x080080f0       0x36 /opt/st/stm32cubeide_1.15.1/plugins/com.st.stm32cube.ide.mcu.externaltools.gnu-tools-for-stm32.12.3.rel1.linux64_1.0.100.202403111256/tools/bin/../lib/gcc/arm-none-eabi/12.3.1/../../../../arm-none-eabi/lib/thumb/v7e-m+fp/hard/libc_nano.a(libc_a-mprec.o)
                0x080080f0                __mcmp
 *fill*         0x08008126        0x2 
 .text.__mdiff  0x08008128      0x128 /opt/st/stm32cubeide_1.15.1/plugins/com.st.stm32cube.ide.mcu.externaltools.gnu-tools-for-stm32.12.3.rel1.linux64_1.0.100.202403111256/tools/bin/../lib/gcc/arm-none-eabi/12.3.1/../../../../arm-none-eabi/lib/thumb/v7e-m+fp/hard/libc_nano.a(libc_a-mprec.o)
                0x08008128                __mdiff
 .text.__ulp    0x08008250       0x4c /opt/st/stm32cubeide_1.15.1/plugins/com.st.stm32cube.ide.mcu.externaltools.gnu-tools-for-stm32.12.3.rel1.linux64_1.0.100.202403111256/tools/bin/../lib/gcc/arm-none-eabi/12.3.1/../../../../arm-none-eabi/lib/thumb/v7e-m+fp/hard/libc_nano.a(libc_a-mprec.o)
                0x08008250                __ulp
 .text.__b2d    0x0800829c       0x94 /opt/st/stm32cubeide_1.15.1/plugins/com.st.stm32cube.ide.mcu.externaltools.gnu-tools-for-stm32.12.3.rel1.linux64_1.0.100.202403111256/tools/bin/../lib/gcc/arm-none-eabi/12.3.1/../../../../arm-none-eabi/lib/thumb/v7e-m+fp/hard/libc_nano.a(libc_a-mprec.o)
                0x0800829c                __b2d
 .text.__d2b    0x08008330       0xb0 /opt/st/stm32cubeide_1.15.1/plugins/com.st.stm32cube.ide.mcu.externaltools.gnu-tools-for-stm32.12.3.rel1.linux64_1.0.100.202403111256/tools/bin/../lib/gcc/arm-none-eabi/12.3.1/../../../../arm-none-eabi/lib/thumb/v7e-m+fp/hard/libc_nano.a(libc_a-mprec.o)
                0x08008330                __d2b
 .text.__ratio  0x080083e0       0x64 /opt/st/stm32cubeide_1.15.1/plugins/com.st.stm32cube.ide.mcu.externaltools.gnu-tools-for-stm32.12.3.rel1.linux64_1.0.100.202403111256/tools/bin/../lib/gcc/arm-none-eabi/12.3.1/../../../../arm-none-eabi/lib/thumb/v7e-m+fp/hard/libc_nano.a(libc_a-mprec.o)
                0x080083e0                __ratio
 .text.__copybits
                0x08008444       0x46 /opt/st/stm32cubeide_1.15.1/plugins/com.st.stm32cube.ide.mcu.externaltools.gnu-tools-for-stm32.12.3.rel1.linux64_1.0.100.202403111256/tools/bin/../lib/gcc/arm-none-eabi/12.3.1/../../../../arm-none-eabi/lib/thumb/v7e-m+fp/hard/libc_nano.a(libc_a-mprec.o)
                0x08008444                __copybits
 .text.__any_on
                0x0800848a       0x42 /opt/st/stm32cubeide_1.15.1/plugins/com.st.stm32cube.ide.mcu.externaltools.gnu-tools-for-stm32.12.3.rel1.linux64_1.0.100.202403111256/tools/bin/../lib/gcc/arm-none-eabi/12.3.1/../../../../arm-none-eabi/lib/thumb/v7e-m+fp/hard/libc_nano.a(libc_a-mprec.o)
                0x0800848a                __any_on
 .text.sulp     0x080084cc       0x3c /opt/st/stm32cubeide_1.15.1/plugins/com.st.stm32cube.ide.mcu.externaltools.gnu-tools-for-stm32.12.3.rel1.linux64_1.0.100.202403111256/tools/bin/../lib/gcc/arm-none-eabi/12.3.1/../../../../arm-none-eabi/lib/thumb/v7e-m+fp/hard/libc_nano.a(libc_a-strtod.o)
 .text._strtod_l
                0x08008508      0xbc8 /opt/st/stm32cubeide_1.15.1/plugins/com.st.stm32cube.ide.mcu.externaltools.gnu-tools-for-stm32.12.3.rel1.linux64_1.0.100.202403111256/tools/bin/../lib/gcc/arm-none-eabi/12.3.1/../../../../arm-none-eabi/lib/thumb/v7e-m+fp/hard/libc_nano.a(libc_a-strtod.o)
                0x08008508                _strtod_l
 .text._strtod_r
                0x080090d0        0xc /opt/st/stm32cubeide_1.15.1/plugins/com.st.stm32cube.ide.mcu.externaltools.gnu-tools-for-stm32.12.3.rel1.linux64_1.0.100.202403111256/tools/bin/../lib/gcc/arm-none-eabi/12.3.1/../../../../arm-none-eabi/lib/thumb/v7e-m+fp/hard/libc_nano.a(libc_a-strtod.o)
                0x080090d0                _strtod_r
 .text._strtol_l.constprop.0
                0x080090dc       0xf4 /opt/st/stm32cubeide_1.15.1/plugins/com.st.stm32cube.ide.mcu.externaltools.gnu-tools-for-stm32.12.3.rel1.linux64_1.0.100.202403111256/tools/bin/../lib/gcc/arm-none-eabi/12.3.1/../../../../arm-none-eabi/lib/thumb/v7e-m+fp/hard/libc_nano.a(libc_a-strtol.o)
 .text._strtol_r
                0x080091d0        0x4 /opt/st/stm32cubeide_1.15.1/plugins/com.st.stm32cube.ide.mcu.externaltools.gnu-tools-for-stm32.12.3.rel1.linux64_1.0.100.202403111256/tools/bin/../lib/gcc/arm-none-eabi/12.3.1/../../../../arm-none-eabi/lib/thumb/v7e-m+fp/hard/libc_nano.a(libc_a-strtol.o)
                0x080091d0                _strtol_r
 .text.__ssputs_r
                0x080091d4       0xb6 /opt/st/stm32cubeide_1.15.1/plugins/com.st.stm32cube.ide.mcu.externaltools.gnu-tools-for-stm32.12.3.rel1.linux64_1.0.100.202403111256/tools/bin/../lib/gcc/arm-none-eabi/12.3.1/../../../../arm-none-eabi/lib/thumb/v7e-m+fp/hard/libc_nano.a(libc_a-nano-svfprintf.o)
                0x080091d4                __ssputs_r
 *fill*         0x0800928a        0x2 
 .text._svfprintf_r
                0x0800928c      0x1f8 /opt/st/stm32cubeide_1.15.1/plugins/com.st.stm32cube.ide.mcu.externaltools.gnu-tools-for-stm32.12.3.rel1.linux64_1.0.100.202403111256/tools/bin/../lib/gcc/arm-none-eabi/12.3.1/../../../../arm-none-eabi/lib/thumb/v7e-m+fp/hard/libc_nano.a(libc_a-nano-svfprintf.o)
                0x0800928c                _svfprintf_r
                0x0800928c                _svfiprintf_r
 .text.__sfputc_r
                0x08009484       0x2e /opt/st/stm32cubeide_1.15.1/plugins/com.st.stm32cube.ide.mcu.externaltools.gnu-tools-for-stm32.12.3.rel1.linux64_1.0.100.202403111256/tools/bin/../lib/gcc/arm-none-eabi/12.3.1/../../../../arm-none-eabi/lib/thumb/v7e-m+fp/hard/libc_nano.a(libc_a-nano-vfprintf.o)
 .text.__sfputs_r
                0x080094b2       0x24 /opt/st/stm32cubeide_1.15.1/plugins/com.st.stm32cube.ide.mcu.externaltools.gnu-tools-for-stm32.12.3.rel1.linux64_1.0.100.202403111256/tools/bin/../lib/gcc/arm-none-eabi/12.3.1/../../../../arm-none-eabi/lib/thumb/v7e-m+fp/hard/libc_nano.a(libc_a-nano-vfprintf.o)
                0x080094b2                __sfputs_r
 *fill*         0x080094d6        0x2 
 .text._vfprintf_r
                0x080094d8      0x230 /opt/st/stm32cubeide_1.15.1/plugins/com.st.stm32cube.ide.mcu.externaltools.gnu-tools-for-stm32.12.3.rel1.linux64_1.0.100.202403111256/tools/bin/../lib/gcc/arm-none-eabi/12.3.1/../../../../arm-none-eabi/lib/thumb/v7e-m+fp/hard/libc_nano.a(libc_a-nano-vfprintf.o)
                0x080094d8                _vfiprintf_r
                0x080094d8                _vfprintf_r
 .text.__svfscanf_r
                0x08009708      0x338 /opt/st/stm32cubeide_1.15.1/plugins/com.st.stm32cube.ide.mcu.externaltools.gnu-tools-for-stm32.12.3.rel1.linux64_1.0.100.202403111256/tools/bin/../lib/gcc/arm-none-eabi/12.3.1/../../../../arm-none-eabi/lib/thumb/v7e-m+fp/hard/libc_nano.a(libc_a-nano-vfscanf.o)
                0x08009708                __svfiscanf_r
                0x08009708                __svfscanf_r
 .text._vfscanf_r
                0x08009a40       0x26 /opt/st/stm32cubeide_1.15.1/plugins/com.st.stm32cube.ide.mcu.externaltools.gnu-tools-for-stm32.12.3.rel1.linux64_1.0.100.202403111256/tools/bin/../lib/gcc/arm-none-eabi/12.3.1/../../../../arm-none-eabi/lib/thumb/v7e-m+fp/hard/libc_nano.a(libc_a-nano-vfscanf.o)
                0x08009a40                _vfiscanf_r
                0x08009a40                _vfscanf_r
 *fill*         0x08009a66        0x2 
 .text._scanf_chars
                0x08009a68       0xb4 /opt/st/stm32cubeide_1.15.1/plugins/com.st.stm32cube.ide.mcu.externaltools.gnu-tools-for-stm32.12.3.rel1.linux64_1.0.100.202403111256/tools/bin/../lib/gcc/arm-none-eabi/12.3.1/../../../../arm-none-eabi/lib/thumb/v7e-m+fp/hard/libc_nano.a(libc_a-nano-vfscanf_i.o)
                0x08009a68                _scanf_chars
 .text._scanf_i
                0x08009b1c      0x1e8 /opt/st/stm32cubeide_1.15.1/plugins/com.st.stm32cube.ide.mcu.externaltools.gnu-tools-for-stm32.12.3.rel1.linux64_1.0.100.202403111256/tools/bin/../lib/gcc/arm-none-eabi/12.3.1/../../../../arm-none-eabi/lib/thumb/v7e-m+fp/hard/libc_nano.a(libc_a-nano-vfscanf_i.o)
                0x08009b1c                _scanf_i
 .text.__sflush_r
                0x08009d04      0x108 /opt/st/stm32cubeide_1.15.1/plugins/com.st.stm32cube.ide.mcu.externaltools.gnu-tools-for-stm32.12.3.rel1.linux64_1.0.100.202403111256/tools/bin/../lib/gcc/arm-none-eabi/12.3.1/../../../../arm-none-eabi/lib/thumb/v7e-m+fp/hard/libc_nano.a(libc_a-fflush.o)
                0x08009d04                __sflush_r
 .text._fflush_r
                0x08009e0c       0x50 /opt/st/stm32cubeide_1.15.1/plugins/com.st.stm32cube.ide.mcu.externaltools.gnu-tools-for-stm32.12.3.rel1.linux64_1.0.100.202403111256/tools/bin/../lib/gcc/arm-none-eabi/12.3.1/../../../../arm-none-eabi/lib/thumb/v7e-m+fp/hard/libc_nano.a(libc_a-fflush.o)
                0x08009e0c                _fflush_r
 .text.__swhatbuf_r
                0x08009e5c       0x4c /opt/st/stm32cubeide_1.15.1/plugins/com.st.stm32cube.ide.mcu.externaltools.gnu-tools-for-stm32.12.3.rel1.linux64_1.0.100.202403111256/tools/bin/../lib/gcc/arm-none-eabi/12.3.1/../../../../arm-none-eabi/lib/thumb/v7e-m+fp/hard/libc_nano.a(libc_a-makebuf.o)
                0x08009e5c                __swhatbuf_r
 .text.__smakebuf_r
                0x08009ea8       0x78 /opt/st/stm32cubeide_1.15.1/plugins/com.st.stm32cube.ide.mcu.externaltools.gnu-tools-for-stm32.12.3.rel1.linux64_1.0.100.202403111256/tools/bin/../lib/gcc/arm-none-eabi/12.3.1/../../../../arm-none-eabi/lib/thumb/v7e-m+fp/hard/libc_nano.a(libc_a-makebuf.o)
                0x08009ea8                __smakebuf_r
 .text.lflush   0x08009f20       0x1c /opt/st/stm32cubeide_1.15.1/plugins/com.st.stm32cube.ide.mcu.externaltools.gnu-tools-for-stm32.12.3.rel1.linux64_1.0.100.202403111256/tools/bin/../lib/gcc/arm-none-eabi/12.3.1/../../../../arm-none-eabi/lib/thumb/v7e-m+fp/hard/libc_nano.a(libc_a-refill.o)
 .text.__srefill_r
                0x08009f3c       0xe8 /opt/st/stm32cubeide_1.15.1/plugins/com.st.stm32cube.ide.mcu.externaltools.gnu-tools-for-stm32.12.3.rel1.linux64_1.0.100.202403111256/tools/bin/../lib/gcc/arm-none-eabi/12.3.1/../../../../arm-none-eabi/lib/thumb/v7e-m+fp/hard/libc_nano.a(libc_a-refill.o)
                0x08009f3c                __srefill_r
 .text.__sccl   0x0800a024       0x72 /opt/st/stm32cubeide_1.15.1/plugins/com.st.stm32cube.ide.mcu.externaltools.gnu-tools-for-stm32.12.3.rel1.linux64_1.0.100.202403111256/tools/bin/../lib/gcc/arm-none-eabi/12.3.1/../../../../arm-none-eabi/lib/thumb/v7e-m+fp/hard/libc_nano.a(libc_a-sccl.o)
                0x0800a024                __sccl
 .text.__submore
                0x0800a096       0x74 /opt/st/stm32cubeide_1.15.1/plugins/com.st.stm32cube.ide.mcu.externaltools.gnu-tools-for-stm32.12.3.rel1.linux64_1.0.100.202403111256/tools/bin/../lib/gcc/arm-none-eabi/12.3.1/../../../../arm-none-eabi/lib/thumb/v7e-m+fp/hard/libc_nano.a(libc_a-ungetc.o)
                0x0800a096                __submore
 .text._ungetc_r
                0x0800a10a       0xfe /opt/st/stm32cubeide_1.15.1/plugins/com.st.stm32cube.ide.mcu.externaltools.gnu-tools-for-stm32.12.3.rel1.linux64_1.0.100.202403111256/tools/bin/../lib/gcc/arm-none-eabi/12.3.1/../../../../arm-none-eabi/lib/thumb/v7e-m+fp/hard/libc_nano.a(libc_a-ungetc.o)
                0x0800a10a                _ungetc_r
 .text.memmove  0x0800a208       0x34 /opt/st/stm32cubeide_1.15.1/plugins/com.st.stm32cube.ide.mcu.externaltools.gnu-tools-for-stm32.12.3.rel1.linux64_1.0.100.202403111256/tools/bin/../lib/gcc/arm-none-eabi/12.3.1/../../../../arm-none-eabi/lib/thumb/v7e-m+fp/hard/libc_nano.a(libc_a-memmove.o)
                0x0800a208                memmove
 .text.strncmp  0x0800a23c       0x24 /opt/st/stm32cubeide_1.15.1/plugins/com.st.stm32cube.ide.mcu.externaltools.gnu-tools-for-stm32.12.3.rel1.linux64_1.0.100.202403111256/tools/bin/../lib/gcc/arm-none-eabi/12.3.1/../../../../arm-none-eabi/lib/thumb/v7e-m+fp/hard/libc_nano.a(libc_a-strncmp.o)
                0x0800a23c                strncmp
 .text._fstat_r
                0x0800a260       0x24 /opt/st/stm32cubeide_1.15.1/plugins/com.st.stm32cube.ide.mcu.externaltools.gnu-tools-for-stm32.12.3.rel1.linux64_1.0.100.202403111256/tools/bin/../lib/gcc/arm-none-eabi/12.3.1/../../../../arm-none-eabi/lib/thumb/v7e-m+fp/hard/libc_nano.a(libc_a-fstatr.o)
                0x0800a260                _fstat_r
 .text._isatty_r
                0x0800a284       0x20 /opt/st/stm32cubeide_1.15.1/plugins/com.st.stm32cube.ide.mcu.externaltools.gnu-tools-for-stm32.12.3.rel1.linux64_1.0.100.202403111256/tools/bin/../lib/gcc/arm-none-eabi/12.3.1/../../../../arm-none-eabi/lib/thumb/v7e-m+fp/hard/libc_nano.a(libc_a-isattyr.o)
                0x0800a284                _isatty_r
 .text._sbrk_r  0x0800a2a4       0x20 /opt/st/stm32cubeide_1.15.1/plugins/com.st.stm32cube.ide.mcu.externaltools.gnu-tools-for-stm32.12.3.rel1.linux64_1.0.100.202403111256/tools/bin/../lib/gcc/arm-none-eabi/12.3.1/../../../../arm-none-eabi/lib/thumb/v7e-m+fp/hard/libc_nano.a(libc_a-sbrkr.o)
                0x0800a2a4                _sbrk_r
 .text.memcpy   0x0800a2c4       0x1c /opt/st/stm32cubeide_1.15.1/plugins/com.st.stm32cube.ide.mcu.externaltools.gnu-tools-for-stm32.12.3.rel1.linux64_1.0.100.202403111256/tools/bin/../lib/gcc/arm-none-eabi/12.3.1/../../../../arm-none-eabi/lib/thumb/v7e-m+fp/hard/libc_nano.a(libc_a-memcpy-stub.o)
                0x0800a2c4                memcpy
 .text.nan      0x0800a2e0       0x10 /opt/st/stm32cubeide_1.15.1/plugins/com.st.stm32cube.ide.mcu.externaltools.gnu-tools-for-stm32.12.3.rel1.linux64_1.0.100.202403111256/tools/bin/../lib/gcc/arm-none-eabi/12.3.1/../../../../arm-none-eabi/lib/thumb/v7e-m+fp/hard/libc_nano.a(libm_a-s_nan.o)
                0x0800a2e0                nan
 .text.__assert_func
                0x0800a2f0       0x3c /opt/st/stm32cubeide_1.15.1/plugins/com.st.stm32cube.ide.mcu.externaltools.gnu-tools-for-stm32.12.3.rel1.linux64_1.0.100.202403111256/tools/bin/../lib/gcc/arm-none-eabi/12.3.1/../../../../arm-none-eabi/lib/thumb/v7e-m+fp/hard/libc_nano.a(libc_a-assert.o)
                0x0800a2f0                __assert_func
 .text._calloc_r
                0x0800a32c       0x28 /opt/st/stm32cubeide_1.15.1/plugins/com.st.stm32cube.ide.mcu.externaltools.gnu-tools-for-stm32.12.3.rel1.linux64_1.0.100.202403111256/tools/bin/../lib/gcc/arm-none-eabi/12.3.1/../../../../arm-none-eabi/lib/thumb/v7e-m+fp/hard/libc_nano.a(libc_a-callocr.o)
                0x0800a32c                _calloc_r
 .text.rshift   0x0800a354       0xa4 /opt/st/stm32cubeide_1.15.1/plugins/com.st.stm32cube.ide.mcu.externaltools.gnu-tools-for-stm32.12.3.rel1.linux64_1.0.100.202403111256/tools/bin/../lib/gcc/arm-none-eabi/12.3.1/../../../../arm-none-eabi/lib/thumb/v7e-m+fp/hard/libc_nano.a(libc_a-gdtoa-gethex.o)
 .text.__hexdig_fun
                0x0800a3f8       0x2a /opt/st/stm32cubeide_1.15.1/plugins/com.st.stm32cube.ide.mcu.externaltools.gnu-tools-for-stm32.12.3.rel1.linux64_1.0.100.202403111256/tools/bin/../lib/gcc/arm-none-eabi/12.3.1/../../../../arm-none-eabi/lib/thumb/v7e-m+fp/hard/libc_nano.a(libc_a-gdtoa-gethex.o)
                0x0800a3f8                __hexdig_fun
 *fill*         0x0800a422        0x2 
 .text.__gethex
                0x0800a424      0x420 /opt/st/stm32cubeide_1.15.1/plugins/com.st.stm32cube.ide.mcu.externaltools.gnu-tools-for-stm32.12.3.rel1.linux64_1.0.100.202403111256/tools/bin/../lib/gcc/arm-none-eabi/12.3.1/../../../../arm-none-eabi/lib/thumb/v7e-m+fp/hard/libc_nano.a(libc_a-gdtoa-gethex.o)
                0x0800a424                __gethex
 .text.L_shift  0x0800a844       0x24 /opt/st/stm32cubeide_1.15.1/plugins/com.st.stm32cube.ide.mcu.externaltools.gnu-tools-for-stm32.12.3.rel1.linux64_1.0.100.202403111256/tools/bin/../lib/gcc/arm-none-eabi/12.3.1/../../../../arm-none-eabi/lib/thumb/v7e-m+fp/hard/libc_nano.a(libc_a-gdtoa-hexnan.o)
 .text.__match  0x0800a868       0x28 /opt/st/stm32cubeide_1.15.1/plugins/com.st.stm32cube.ide.mcu.externaltools.gnu-tools-for-stm32.12.3.rel1.linux64_1.0.100.202403111256/tools/bin/../lib/gcc/arm-none-eabi/12.3.1/../../../../arm-none-eabi/lib/thumb/v7e-m+fp/hard/libc_nano.a(libc_a-gdtoa-hexnan.o)
                0x0800a868                __match
 .text.__hexnan
                0x0800a890      0x136 /opt/st/stm32cubeide_1.15.1/plugins/com.st.stm32cube.ide.mcu.externaltools.gnu-tools-for-stm32.12.3.rel1.linux64_1.0.100.202403111256/tools/bin/../lib/gcc/arm-none-eabi/12.3.1/../../../../arm-none-eabi/lib/thumb/v7e-m+fp/hard/libc_nano.a(libc_a-gdtoa-hexnan.o)
                0x0800a890                __hexnan
 .text.__ascii_mbtowc
                0x0800a9c6       0x24 /opt/st/stm32cubeide_1.15.1/plugins/com.st.stm32cube.ide.mcu.externaltools.gnu-tools-for-stm32.12.3.rel1.linux64_1.0.100.202403111256/tools/bin/../lib/gcc/arm-none-eabi/12.3.1/../../../../arm-none-eabi/lib/thumb/v7e-m+fp/hard/libc_nano.a(libc_a-mbtowc_r.o)
                0x0800a9c6                __ascii_mbtowc
 .text._realloc_r
                0x0800a9ea       0x5c /opt/st/stm32cubeide_1.15.1/plugins/com.st.stm32cube.ide.mcu.externaltools.gnu-tools-for-stm32.12.3.rel1.linux64_1.0.100.202403111256/tools/bin/../lib/gcc/arm-none-eabi/12.3.1/../../../../arm-none-eabi/lib/thumb/v7e-m+fp/hard/libc_nano.a(libc_a-reallocr.o)
                0x0800a9ea                _realloc_r
 *fill*         0x0800aa46        0x2 
 .text._strtoul_l.constprop.0
                0x0800aa48       0xdc /opt/st/stm32cubeide_1.15.1/plugins/com.st.stm32cube.ide.mcu.externaltools.gnu-tools-for-stm32.12.3.rel1.linux64_1.0.100.202403111256/tools/bin/../lib/gcc/arm-none-eabi/12.3.1/../../../../arm-none-eabi/lib/thumb/v7e-m+fp/hard/libc_nano.a(libc_a-strtoul.o)
 .text._strtoul_r
                0x0800ab24        0x4 /opt/st/stm32cubeide_1.15.1/plugins/com.st.stm32cube.ide.mcu.externaltools.gnu-tools-for-stm32.12.3.rel1.linux64_1.0.100.202403111256/tools/bin/../lib/gcc/arm-none-eabi/12.3.1/../../../../arm-none-eabi/lib/thumb/v7e-m+fp/hard/libc_nano.a(libc_a-strtoul.o)
                0x0800ab24                _strtoul_r
 .text.__ascii_wctomb
                0x0800ab28       0x1a /opt/st/stm32cubeide_1.15.1/plugins/com.st.stm32cube.ide.mcu.externaltools.gnu-tools-for-stm32.12.3.rel1.linux64_1.0.100.202403111256/tools/bin/../lib/gcc/arm-none-eabi/12.3.1/../../../../arm-none-eabi/lib/thumb/v7e-m+fp/hard/libc_nano.a(libc_a-wctomb_r.o)
                0x0800ab28                __ascii_wctomb
 *fill*         0x0800ab42        0x2 
 .text.fprintf  0x0800ab44       0x24 /opt/st/stm32cubeide_1.15.1/plugins/com.st.stm32cube.ide.mcu.externaltools.gnu-tools-for-stm32.12.3.rel1.linux64_1.0.100.202403111256/tools/bin/../lib/gcc/arm-none-eabi/12.3.1/../../../../arm-none-eabi/lib/thumb/v7e-m+fp/hard/libc_nano.a(libc_a-fprintf.o)
                0x0800ab44                fprintf
                0x0800ab44                fiprintf
 .text.abort    0x0800ab68        0xe /opt/st/stm32cubeide_1.15.1/plugins/com.st.stm32cube.ide.mcu.externaltools.gnu-tools-for-stm32.12.3.rel1.linux64_1.0.100.202403111256/tools/bin/../lib/gcc/arm-none-eabi/12.3.1/../../../../arm-none-eabi/lib/thumb/v7e-m+fp/hard/libc_nano.a(libc_a-abort.o)
                0x0800ab68                abort
 .text._malloc_usable_size_r
                0x0800ab76       0x10 /opt/st/stm32cubeide_1.15.1/plugins/com.st.stm32cube.ide.mcu.externaltools.gnu-tools-for-stm32.12.3.rel1.linux64_1.0.100.202403111256/tools/bin/../lib/gcc/arm-none-eabi/12.3.1/../../../../arm-none-eabi/lib/thumb/v7e-m+fp/hard/libc_nano.a(libc_a-msizer.o)
                0x0800ab76                _malloc_usable_size_r
 .text._raise_r
                0x0800ab86       0x50 /opt/st/stm32cubeide_1.15.1/plugins/com.st.stm32cube.ide.mcu.externaltools.gnu-tools-for-stm32.12.3.rel1.linux64_1.0.100.202403111256/tools/bin/../lib/gcc/arm-none-eabi/12.3.1/../../../../arm-none-eabi/lib/thumb/v7e-m+fp/hard/libc_nano.a(libc_a-signal.o)
                0x0800ab86                _raise_r
 *fill*         0x0800abd6        0x2 
 .text.raise    0x0800abd8       0x10 /opt/st/stm32cubeide_1.15.1/plugins/com.st.stm32cube.ide.mcu.externaltools.gnu-tools-for-stm32.12.3.rel1.linux64_1.0.100.202403111256/tools/bin/../lib/gcc/arm-none-eabi/12.3.1/../../../../arm-none-eabi/lib/thumb/v7e-m+fp/hard/libc_nano.a(libc_a-signal.o)
                0x0800abd8                raise
 .text._kill_r  0x0800abe8       0x24 /opt/st/stm32cubeide_1.15.1/plugins/com.st.stm32cube.ide.mcu.externaltools.gnu-tools-for-stm32.12.3.rel1.linux64_1.0.100.202403111256/tools/bin/../lib/gcc/arm-none-eabi/12.3.1/../../../../arm-none-eabi/lib/thumb/v7e-m+fp/hard/libc_nano.a(libc_a-signalr.o)
                0x0800abe8                _kill_r
 .text._getpid_r
                0x0800ac0c        0x4 /opt/st/stm32cubeide_1.15.1/plugins/com.st.stm32cube.ide.mcu.externaltools.gnu-tools-for-stm32.12.3.rel1.linux64_1.0.100.202403111256/tools/bin/../lib/gcc/arm-none-eabi/12.3.1/../../../../arm-none-eabi/lib/thumb/v7e-m+fp/hard/libc_nano.a(libc_a-signalr.o)
                0x0800ac0c                _getpid_r
 .text._getpid  0x0800ac10       0x10 /opt/st/stm32cubeide_1.15.1/plugins/com.st.stm32cube.ide.mcu.externaltools.gnu-tools-for-stm32.12.3.rel1.linux64_1.0.100.202403111256/tools/bin/../lib/gcc/arm-none-eabi/12.3.1/../../../../arm-none-eabi/lib/thumb/v7e-m+fp/hard/libnosys.a(getpid.o)
                0x0800ac10                _getpid
 .text._kill    0x0800ac20       0x10 /opt/st/stm32cubeide_1.15.1/plugins/com.st.stm32cube.ide.mcu.externaltools.gnu-tools-for-stm32.12.3.rel1.linux64_1.0.100.202403111256/tools/bin/../lib/gcc/arm-none-eabi/12.3.1/../../../../arm-none-eabi/lib/thumb/v7e-m+fp/hard/libnosys.a(kill.o)
                0x0800ac20                _kill
 .text._exit    0x0800ac30        0x2 /opt/st/stm32cubeide_1.15.1/plugins/com.st.stm32cube.ide.mcu.externaltools.gnu-tools-for-stm32.12.3.rel1.linux64_1.0.100.202403111256/tools/bin/../lib/gcc/arm-none-eabi/12.3.1/../../../../arm-none-eabi/lib/thumb/v7e-m+fp/hard/libnosys.a(_exit.o)
                0x0800ac30                _exit
 *(.glue_7)
 .glue_7        0x0800ac32        0x0 linker stubs
 *(.glue_7t)
 .glue_7t       0x0800ac32        0x0 linker stubs
 *(.eh_frame)
 *fill*         0x0800ac32        0x2 
 .eh_frame      0x0800ac34        0x0 /opt/st/stm32cubeide_1.15.1/plugins/com.st.stm32cube.ide.mcu.externaltools.gnu-tools-for-stm32.12.3.rel1.linux64_1.0.100.202403111256/tools/bin/../lib/gcc/arm-none-eabi/12.3.1/thumb/v7e-m+fp/hard/crtbegin.o
 *(.init)
 .init          0x0800ac34        0x4 /opt/st/stm32cubeide_1.15.1/plugins/com.st.stm32cube.ide.mcu.externaltools.gnu-tools-for-stm32.12.3.rel1.linux64_1.0.100.202403111256/tools/bin/../lib/gcc/arm-none-eabi/12.3.1/thumb/v7e-m+fp/hard/crti.o
                0x0800ac34                _init
 .init          0x0800ac38        0x8 /opt/st/stm32cubeide_1.15.1/plugins/com.st.stm32cube.ide.mcu.externaltools.gnu-tools-for-stm32.12.3.rel1.linux64_1.0.100.202403111256/tools/bin/../lib/gcc/arm-none-eabi/12.3.1/thumb/v7e-m+fp/hard/crtn.o
 *(.fini)
 .fini          0x0800ac40        0x4 /opt/st/stm32cubeide_1.15.1/plugins/com.st.stm32cube.ide.mcu.externaltools.gnu-tools-for-stm32.12.3.rel1.linux64_1.0.100.202403111256/tools/bin/../lib/gcc/arm-none-eabi/12.3.1/thumb/v7e-m+fp/hard/crti.o
                0x0800ac40                _fini
 .fini          0x0800ac44        0x8 /opt/st/stm32cubeide_1.15.1/plugins/com.st.stm32cube.ide.mcu.externaltools.gnu-tools-for-stm32.12.3.rel1.linux64_1.0.100.202403111256/tools/bin/../lib/gcc/arm-none-eabi/12.3.1/thumb/v7e-m+fp/hard/crtn.o
                0x0800ac4c                        . = ALIGN (0x4)
                0x0800ac4c                        _etext = .

.vfp11_veneer   0x0800ac4c        0x0
 .vfp11_veneer  0x0800ac4c        0x0 linker stubs

.v4_bx          0x0800ac4c        0x0
 .v4_bx         0x0800ac4c        0x0 linker stubs

.iplt           0x0800ac4c        0x0
 .iplt          0x0800ac4c        0x0 /opt/st/stm32cubeide_1.15.1/plugins/com.st.stm32cube.ide.mcu.externaltools.gnu-tools-for-stm32.12.3.rel1.linux64_1.0.100.202403111256/tools/bin/../lib/gcc/arm-none-eabi/12.3.1/thumb/v7e-m+fp/hard/crtbegin.o

.rodata         0x0800ac50      0x534
                0x0800ac50                        . = ALIGN (0x4)
 *(.rodata)
 .rodata        0x0800ac50       0xc8 ./Core/Src/main.o
 .rodata        0x0800ad18        0xc /opt/st/stm32cubeide_1.15.1/plugins/com.st.stm32cube.ide.mcu.externaltools.gnu-tools-for-stm32.12.3.rel1.linux64_1.0.100.202403111256/tools/bin/../lib/gcc/arm-none-eabi/12.3.1/../../../../arm-none-eabi/lib/thumb/v7e-m+fp/hard/libc_nano.a(libc_a-nano-vfscanf_i.o)
 *(.rodata*)
 .rodata.AHBPrescTable
                0x0800ad24       0x10 ./Core/Src/system_stm32f4xx.o
                0x0800ad24                AHBPrescTable
 .rodata.APBPrescTable
                0x0800ad34        0x8 ./Core/Src/system_stm32f4xx.o
                0x0800ad34                APBPrescTable
 .rodata._printf_float.str1.1
                0x0800ad3c       0x10 /opt/st/stm32cubeide_1.15.1/plugins/com.st.stm32cube.ide.mcu.externaltools.gnu-tools-for-stm32.12.3.rel1.linux64_1.0.100.202403111256/tools/bin/../lib/gcc/arm-none-eabi/12.3.1/../../../../arm-none-eabi/lib/thumb/v7e-m+fp/hard/libc_nano.a(libc_a-nano-vfprintf_float.o)
                                 0x12 (size before relaxing)
 .rodata._printf_i.str1.1
                0x0800ad4c       0x22 /opt/st/stm32cubeide_1.15.1/plugins/com.st.stm32cube.ide.mcu.externaltools.gnu-tools-for-stm32.12.3.rel1.linux64_1.0.100.202403111256/tools/bin/../lib/gcc/arm-none-eabi/12.3.1/../../../../arm-none-eabi/lib/thumb/v7e-m+fp/hard/libc_nano.a(libc_a-nano-vfprintf_i.o)
 .rodata._scanf_float.str1.1
                0x0800ad6e        0x5 /opt/st/stm32cubeide_1.15.1/plugins/com.st.stm32cube.ide.mcu.externaltools.gnu-tools-for-stm32.12.3.rel1.linux64_1.0.100.202403111256/tools/bin/../lib/gcc/arm-none-eabi/12.3.1/../../../../arm-none-eabi/lib/thumb/v7e-m+fp/hard/libc_nano.a(libc_a-nano-vfscanf_float.o)
                                  0x6 (size before relaxing)
 .rodata._dtoa_r.str1.1
                0x0800ad73       0x8d /opt/st/stm32cubeide_1.15.1/plugins/com.st.stm32cube.ide.mcu.externaltools.gnu-tools-for-stm32.12.3.rel1.linux64_1.0.100.202403111256/tools/bin/../lib/gcc/arm-none-eabi/12.3.1/../../../../arm-none-eabi/lib/thumb/v7e-m+fp/hard/libc_nano.a(libc_a-dtoa.o)
                                 0x8f (size before relaxing)
 .rodata._Balloc.str1.1
                0x0800ae00       0x59 /opt/st/stm32cubeide_1.15.1/plugins/com.st.stm32cube.ide.mcu.externaltools.gnu-tools-for-stm32.12.3.rel1.linux64_1.0.100.202403111256/tools/bin/../lib/gcc/arm-none-eabi/12.3.1/../../../../arm-none-eabi/lib/thumb/v7e-m+fp/hard/libc_nano.a(libc_a-mprec.o)
                                 0x70 (size before relaxing)
 .rodata.__multadd.str1.1
                0x0800ae59       0x11 /opt/st/stm32cubeide_1.15.1/plugins/com.st.stm32cube.ide.mcu.externaltools.gnu-tools-for-stm32.12.3.rel1.linux64_1.0.100.202403111256/tools/bin/../lib/gcc/arm-none-eabi/12.3.1/../../../../arm-none-eabi/lib/thumb/v7e-m+fp/hard/libc_nano.a(libc_a-mprec.o)
 *fill*         0x0800ae59        0x3 
 .rodata.p05.0  0x0800ae5c        0xc /opt/st/stm32cubeide_1.15.1/plugins/com.st.stm32cube.ide.mcu.externaltools.gnu-tools-for-stm32.12.3.rel1.linux64_1.0.100.202403111256/tools/bin/../lib/gcc/arm-none-eabi/12.3.1/../../../../arm-none-eabi/lib/thumb/v7e-m+fp/hard/libc_nano.a(libc_a-mprec.o)
 .rodata.__mprec_bigtens
                0x0800ae68       0x28 /opt/st/stm32cubeide_1.15.1/plugins/com.st.stm32cube.ide.mcu.externaltools.gnu-tools-for-stm32.12.3.rel1.linux64_1.0.100.202403111256/tools/bin/../lib/gcc/arm-none-eabi/12.3.1/../../../../arm-none-eabi/lib/thumb/v7e-m+fp/hard/libc_nano.a(libc_a-mprec.o)
                0x0800ae68                __mprec_bigtens
 .rodata.__mprec_tens
                0x0800ae90       0xc8 /opt/st/stm32cubeide_1.15.1/plugins/com.st.stm32cube.ide.mcu.externaltools.gnu-tools-for-stm32.12.3.rel1.linux64_1.0.100.202403111256/tools/bin/../lib/gcc/arm-none-eabi/12.3.1/../../../../arm-none-eabi/lib/thumb/v7e-m+fp/hard/libc_nano.a(libc_a-mprec.o)
                0x0800ae90                __mprec_tens
 .rodata._strtod_l.str1.1
                0x0800af58        0x2 /opt/st/stm32cubeide_1.15.1/plugins/com.st.stm32cube.ide.mcu.externaltools.gnu-tools-for-stm32.12.3.rel1.linux64_1.0.100.202403111256/tools/bin/../lib/gcc/arm-none-eabi/12.3.1/../../../../arm-none-eabi/lib/thumb/v7e-m+fp/hard/libc_nano.a(libc_a-strtod.o)
                                  0xf (size before relaxing)
 *fill*         0x0800af5a        0x2 
 .rodata.fpinan.0
                0x0800af5c       0x14 /opt/st/stm32cubeide_1.15.1/plugins/com.st.stm32cube.ide.mcu.externaltools.gnu-tools-for-stm32.12.3.rel1.linux64_1.0.100.202403111256/tools/bin/../lib/gcc/arm-none-eabi/12.3.1/../../../../arm-none-eabi/lib/thumb/v7e-m+fp/hard/libc_nano.a(libc_a-strtod.o)
 .rodata.fpi.1  0x0800af70       0x14 /opt/st/stm32cubeide_1.15.1/plugins/com.st.stm32cube.ide.mcu.externaltools.gnu-tools-for-stm32.12.3.rel1.linux64_1.0.100.202403111256/tools/bin/../lib/gcc/arm-none-eabi/12.3.1/../../../../arm-none-eabi/lib/thumb/v7e-m+fp/hard/libc_nano.a(libc_a-strtod.o)
 *fill*         0x0800af84        0x4 
 .rodata.tinytens
                0x0800af88       0x28 /opt/st/stm32cubeide_1.15.1/plugins/com.st.stm32cube.ide.mcu.externaltools.gnu-tools-for-stm32.12.3.rel1.linux64_1.0.100.202403111256/tools/bin/../lib/gcc/arm-none-eabi/12.3.1/../../../../arm-none-eabi/lib/thumb/v7e-m+fp/hard/libc_nano.a(libc_a-strtod.o)
 .rodata._ctype_
                0x0800afb0      0x101 /opt/st/stm32cubeide_1.15.1/plugins/com.st.stm32cube.ide.mcu.externaltools.gnu-tools-for-stm32.12.3.rel1.linux64_1.0.100.202403111256/tools/bin/../lib/gcc/arm-none-eabi/12.3.1/../../../../arm-none-eabi/lib/thumb/v7e-m+fp/hard/libc_nano.a(libc_a-ctype_.o)
                0x0800afb0                _ctype_
 .rodata._svfprintf_r.str1.1
                0x0800b0b1       0x11 /opt/st/stm32cubeide_1.15.1/plugins/com.st.stm32cube.ide.mcu.externaltools.gnu-tools-for-stm32.12.3.rel1.linux64_1.0.100.202403111256/tools/bin/../lib/gcc/arm-none-eabi/12.3.1/../../../../arm-none-eabi/lib/thumb/v7e-m+fp/hard/libc_nano.a(libc_a-nano-svfprintf.o)
 .rodata._vfprintf_r.str1.1
                0x0800b0c2       0x11 /opt/st/stm32cubeide_1.15.1/plugins/com.st.stm32cube.ide.mcu.externaltools.gnu-tools-for-stm32.12.3.rel1.linux64_1.0.100.202403111256/tools/bin/../lib/gcc/arm-none-eabi/12.3.1/../../../../arm-none-eabi/lib/thumb/v7e-m+fp/hard/libc_nano.a(libc_a-nano-vfprintf.o)
 .rodata.__svfscanf_r.str1.1
                0x0800b0c2        0x4 /opt/st/stm32cubeide_1.15.1/plugins/com.st.stm32cube.ide.mcu.externaltools.gnu-tools-for-stm32.12.3.rel1.linux64_1.0.100.202403111256/tools/bin/../lib/gcc/arm-none-eabi/12.3.1/../../../../arm-none-eabi/lib/thumb/v7e-m+fp/hard/libc_nano.a(libc_a-nano-vfscanf.o)
 .rodata._scanf_i.str1.1
                0x0800b0c2       0x12 /opt/st/stm32cubeide_1.15.1/plugins/com.st.stm32cube.ide.mcu.externaltools.gnu-tools-for-stm32.12.3.rel1.linux64_1.0.100.202403111256/tools/bin/../lib/gcc/arm-none-eabi/12.3.1/../../../../arm-none-eabi/lib/thumb/v7e-m+fp/hard/libc_nano.a(libc_a-nano-vfscanf_i.o)
 .rodata.str1.1
                0x0800b0d4        0x9 /opt/st/stm32cubeide_1.15.1/plugins/com.st.stm32cube.ide.mcu.externaltools.gnu-tools-for-stm32.12.3.rel1.linux64_1.0.100.202403111256/tools/bin/../lib/gcc/arm-none-eabi/12.3.1/../../../../arm-none-eabi/lib/thumb/v7e-m+fp/hard/libc_nano.a(libc_a-nano-vfscanf_i.o)
 .rodata._setlocale_r.str1.1
                0x0800b0dd        0x8 /opt/st/stm32cubeide_1.15.1/plugins/com.st.stm32cube.ide.mcu.externaltools.gnu-tools-for-stm32.12.3.rel1.linux64_1.0.100.202403111256/tools/bin/../lib/gcc/arm-none-eabi/12.3.1/../../../../arm-none-eabi/lib/thumb/v7e-m+fp/hard/libc_nano.a(libc_a-locale.o)
                                  0x9 (size before relaxing)
 .rodata.str1.1
                0x0800b0e5        0x2 /opt/st/stm32cubeide_1.15.1/plugins/com.st.stm32cube.ide.mcu.externaltools.gnu-tools-for-stm32.12.3.rel1.linux64_1.0.100.202403111256/tools/bin/../lib/gcc/arm-none-eabi/12.3.1/../../../../arm-none-eabi/lib/thumb/v7e-m+fp/hard/libc_nano.a(libc_a-locale.o)
 .rodata.__assert_func.str1.1
                0x0800b0e5       0x3c /opt/st/stm32cubeide_1.15.1/plugins/com.st.stm32cube.ide.mcu.externaltools.gnu-tools-for-stm32.12.3.rel1.linux64_1.0.100.202403111256/tools/bin/../lib/gcc/arm-none-eabi/12.3.1/../../../../arm-none-eabi/lib/thumb/v7e-m+fp/hard/libc_nano.a(libc_a-assert.o)
                                 0x3d (size before relaxing)
 .rodata.__gethex.str1.1
                0x0800b121       0x60 /opt/st/stm32cubeide_1.15.1/plugins/com.st.stm32cube.ide.mcu.externaltools.gnu-tools-for-stm32.12.3.rel1.linux64_1.0.100.202403111256/tools/bin/../lib/gcc/arm-none-eabi/12.3.1/../../../../arm-none-eabi/lib/thumb/v7e-m+fp/hard/libc_nano.a(libc_a-gdtoa-gethex.o)
                                 0x73 (size before relaxing)
                0x0800b184                        . = ALIGN (0x4)
 *fill*         0x0800b181        0x3 

.ARM.extab      0x0800b184        0x0
                0x0800b184                        . = ALIGN (0x4)
 *(.ARM.extab* .gnu.linkonce.armextab.*)
                0x0800b184                        . = ALIGN (0x4)

.ARM            0x0800b184        0x8
                0x0800b184                        . = ALIGN (0x4)
                0x0800b184                        __exidx_start = .
 *(.ARM.exidx*)
 .ARM.exidx     0x0800b184        0x8 /opt/st/stm32cubeide_1.15.1/plugins/com.st.stm32cube.ide.mcu.externaltools.gnu-tools-for-stm32.12.3.rel1.linux64_1.0.100.202403111256/tools/bin/../lib/gcc/arm-none-eabi/12.3.1/../../../../arm-none-eabi/lib/thumb/v7e-m+fp/hard/libc_nano.a(libc_a-memchr.o)
 .ARM.exidx     0x0800b18c        0x0 /opt/st/stm32cubeide_1.15.1/plugins/com.st.stm32cube.ide.mcu.externaltools.gnu-tools-for-stm32.12.3.rel1.linux64_1.0.100.202403111256/tools/bin/../lib/gcc/arm-none-eabi/12.3.1/../../../../arm-none-eabi/lib/thumb/v7e-m+fp/hard/libc_nano.a(libc_a-strlen.o)
                                  0x8 (size before relaxing)
 .ARM.exidx     0x0800b18c        0x0 /opt/st/stm32cubeide_1.15.1/plugins/com.st.stm32cube.ide.mcu.externaltools.gnu-tools-for-stm32.12.3.rel1.linux64_1.0.100.202403111256/tools/bin/../lib/gcc/arm-none-eabi/12.3.1/thumb/v7e-m+fp/hard/libgcc.a(_udivmoddi4.o)
                                  0x8 (size before relaxing)
                0x0800b18c                        __exidx_end = .
                0x0800b18c                        . = ALIGN (0x4)

.rel.dyn        0x0800b18c        0x0
 .rel.iplt      0x0800b18c        0x0 /opt/st/stm32cubeide_1.15.1/plugins/com.st.stm32cube.ide.mcu.externaltools.gnu-tools-for-stm32.12.3.rel1.linux64_1.0.100.202403111256/tools/bin/../lib/gcc/arm-none-eabi/12.3.1/thumb/v7e-m+fp/hard/crtbegin.o

.preinit_array  0x0800b18c        0x0
                0x0800b18c                        . = ALIGN (0x4)
                0x0800b18c                        PROVIDE (__preinit_array_start = .)
 *(.preinit_array*)
                0x0800b18c                        PROVIDE (__preinit_array_end = .)
                0x0800b18c                        . = ALIGN (0x4)

.init_array     0x0800b18c        0x4
                0x0800b18c                        . = ALIGN (0x4)
                0x0800b18c                        PROVIDE (__init_array_start = .)
 *(SORT_BY_NAME(.init_array.*))
 *(.init_array*)
 .init_array    0x0800b18c        0x4 /opt/st/stm32cubeide_1.15.1/plugins/com.st.stm32cube.ide.mcu.externaltools.gnu-tools-for-stm32.12.3.rel1.linux64_1.0.100.202403111256/tools/bin/../lib/gcc/arm-none-eabi/12.3.1/thumb/v7e-m+fp/hard/crtbegin.o
                0x0800b190                        PROVIDE (__init_array_end = .)
                0x0800b190                        . = ALIGN (0x4)

.fini_array     0x0800b190        0x4
                0x0800b190                        . = ALIGN (0x4)
                [!provide]                        PROVIDE (__fini_array_start = .)
 *(SORT_BY_NAME(.fini_array.*))
 *(.fini_array*)
 .fini_array    0x0800b190        0x4 /opt/st/stm32cubeide_1.15.1/plugins/com.st.stm32cube.ide.mcu.externaltools.gnu-tools-for-stm32.12.3.rel1.linux64_1.0.100.202403111256/tools/bin/../lib/gcc/arm-none-eabi/12.3.1/thumb/v7e-m+fp/hard/crtbegin.o
                [!provide]                        PROVIDE (__fini_array_end = .)
                0x0800b194                        . = ALIGN (0x4)
                0x0800b194                        _sidata = LOADADDR (.data)

.data           0x20000000      0x1d4 load address 0x0800b194
                0x20000000                        . = ALIGN (0x4)
                0x20000000                        _sdata = .
 *(.data)
 *(.data*)
 .data.SystemCoreClock
                0x20000000        0x4 ./Core/Src/system_stm32f4xx.o
                0x20000000                SystemCoreClock
 .data.uwTickPrio
                0x20000004        0x4 ./Drivers/STM32F4xx_HAL_Driver/Src/stm32f4xx_hal.o
                0x20000004                uwTickPrio
 .data.uwTickFreq
                0x20000008        0x1 ./Drivers/STM32F4xx_HAL_Driver/Src/stm32f4xx_hal.o
                0x20000008                uwTickFreq
 *fill*         0x20000009        0x3 
 .data.__sglue  0x2000000c        0xc /opt/st/stm32cubeide_1.15.1/plugins/com.st.stm32cube.ide.mcu.externaltools.gnu-tools-for-stm32.12.3.rel1.linux64_1.0.100.202403111256/tools/bin/../lib/gcc/arm-none-eabi/12.3.1/../../../../arm-none-eabi/lib/thumb/v7e-m+fp/hard/libc_nano.a(libc_a-findfp.o)
                0x2000000c                __sglue
 .data._impure_ptr
                0x20000018        0x4 /opt/st/stm32cubeide_1.15.1/plugins/com.st.stm32cube.ide.mcu.externaltools.gnu-tools-for-stm32.12.3.rel1.linux64_1.0.100.202403111256/tools/bin/../lib/gcc/arm-none-eabi/12.3.1/../../../../arm-none-eabi/lib/thumb/v7e-m+fp/hard/libc_nano.a(libc_a-impure.o)
                0x20000018                _impure_ptr
 .data._impure_data
                0x2000001c       0x4c /opt/st/stm32cubeide_1.15.1/plugins/com.st.stm32cube.ide.mcu.externaltools.gnu-tools-for-stm32.12.3.rel1.linux64_1.0.100.202403111256/tools/bin/../lib/gcc/arm-none-eabi/12.3.1/../../../../arm-none-eabi/lib/thumb/v7e-m+fp/hard/libc_nano.a(libc_a-impure.o)
                0x2000001c                _impure_data
 .data.__global_locale
                0x20000068      0x16c /opt/st/stm32cubeide_1.15.1/plugins/com.st.stm32cube.ide.mcu.externaltools.gnu-tools-for-stm32.12.3.rel1.linux64_1.0.100.202403111256/tools/bin/../lib/gcc/arm-none-eabi/12.3.1/../../../../arm-none-eabi/lib/thumb/v7e-m+fp/hard/libc_nano.a(libc_a-locale.o)
                0x20000068                __global_locale
 *(.RamFunc)
 *(.RamFunc*)
                0x200001d4                        . = ALIGN (0x4)
                0x200001d4                        _edata = .
                0x0800b368                        _siccmram = LOADADDR (.ccmram)

.igot.plt       0x200001d4        0x0 load address 0x0800b368
 .igot.plt      0x200001d4        0x0 /opt/st/stm32cubeide_1.15.1/plugins/com.st.stm32cube.ide.mcu.externaltools.gnu-tools-for-stm32.12.3.rel1.linux64_1.0.100.202403111256/tools/bin/../lib/gcc/arm-none-eabi/12.3.1/thumb/v7e-m+fp/hard/crtbegin.o

.ccmram         0x10000000        0x0 load address 0x0800b368
                0x10000000                        . = ALIGN (0x4)
                0x10000000                        _sccmram = .
 *(.ccmram)
 *(.ccmram*)
                0x10000000                        . = ALIGN (0x4)
                0x10000000                        _eccmram = .
                0x10000000                        . = ALIGN (0x4)

.bss            0x200001d4      0x7fc
                0x200001d4                        _sbss = .
                0x200001d4                        __bss_start__ = _sbss
 *(.bss)
 .bss           0x200001d4       0x1c /opt/st/stm32cubeide_1.15.1/plugins/com.st.stm32cube.ide.mcu.externaltools.gnu-tools-for-stm32.12.3.rel1.linux64_1.0.100.202403111256/tools/bin/../lib/gcc/arm-none-eabi/12.3.1/thumb/v7e-m+fp/hard/crtbegin.o
 *(.bss*)
 .bss.hadc1     0x200001f0       0x48 ./Core/Src/main.o
                0x200001f0                hadc1
 .bss.huart1    0x20000238       0x44 ./Core/Src/main.o
                0x20000238                huart1
 .bss.hhcd_USB_OTG_HS
                0x2000027c      0x304 ./Core/Src/main.o
                0x2000027c                hhcd_USB_OTG_HS
 .bss.fir       0x20000580      0x2b0 ./Core/Src/main.o