../Core/Src/main.c:80:5:main	96	static
../Core/Src/main.c:165:6:SystemClock_Config	88	static
../Core/Src/main.c:211:13:MX_ADC1_Init	24	static
../Core/Src/main.c:263:13:MX_USART1_UART_Init	8	static
../Core/Src/main.c:296:13:MX_USB_OTG_HS_HCD_Init	8	static
../Core/Src/main.c:330:13:MX_GPIO_Init	56	static
../Core/Src/main.c:425:6:SampleFilter_init	24	static
../Core/Src/main.c:432:6:SampleFilter_put	16	static
../Core/Src/main.c:438:8:SampleFilter_get	32	static
../Core/Src/main.c:460:6:HAL_TIM_PeriodElapsedCallback	16	static
../Core/Src/main.c:477:6:Error_Handler	4	static,ignoring_inline_asm
